Archive member included to satisfy reference by file (symbol)

c:/st/stm32cubeide_1.10.1/stm32cubeide/plugins/com.st.stm32cube.ide.mcu.externaltools.gnu-tools-for-stm32.10.3-2021.10.win32_1.0.100.202210260954/tools/bin/../lib/gcc/arm-none-eabi/10.3.1/../../../../arm-none-eabi/lib/thumb/v7e-m+fp/hard\libc_nano.a(lib_a-errno.o)
                              ./Core/Src/syscalls.o (__errno)
c:/st/stm32cubeide_1.10.1/stm32cubeide/plugins/com.st.stm32cube.ide.mcu.externaltools.gnu-tools-for-stm32.10.3-2021.10.win32_1.0.100.202210260954/tools/bin/../lib/gcc/arm-none-eabi/10.3.1/../../../../arm-none-eabi/lib/thumb/v7e-m+fp/hard\libc_nano.a(lib_a-exit.o)
                              c:/st/stm32cubeide_1.10.1/stm32cubeide/plugins/com.st.stm32cube.ide.mcu.externaltools.gnu-tools-for-stm32.10.3-2021.10.win32_1.0.100.202210260954/tools/bin/../lib/gcc/arm-none-eabi/10.3.1/../../../../arm-none-eabi/lib/thumb/v7e-m+fp/hard/crt0.o (exit)
c:/st/stm32cubeide_1.10.1/stm32cubeide/plugins/com.st.stm32cube.ide.mcu.externaltools.gnu-tools-for-stm32.10.3-2021.10.win32_1.0.100.202210260954/tools/bin/../lib/gcc/arm-none-eabi/10.3.1/../../../../arm-none-eabi/lib/thumb/v7e-m+fp/hard\libc_nano.a(lib_a-findfp.o)
                              ./Middlewares/Third_Party/FreeRTOS/Source/tasks.o (__sf_fake_stderr)
c:/st/stm32cubeide_1.10.1/stm32cubeide/plugins/com.st.stm32cube.ide.mcu.externaltools.gnu-tools-for-stm32.10.3-2021.10.win32_1.0.100.202210260954/tools/bin/../lib/gcc/arm-none-eabi/10.3.1/../../../../arm-none-eabi/lib/thumb/v7e-m+fp/hard\libc_nano.a(lib_a-fwalk.o)
                              c:/st/stm32cubeide_1.10.1/stm32cubeide/plugins/com.st.stm32cube.ide.mcu.externaltools.gnu-tools-for-stm32.10.3-2021.10.win32_1.0.100.202210260954/tools/bin/../lib/gcc/arm-none-eabi/10.3.1/../../../../arm-none-eabi/lib/thumb/v7e-m+fp/hard\libc_nano.a(lib_a-findfp.o) (_fwalk)
c:/st/stm32cubeide_1.10.1/stm32cubeide/plugins/com.st.stm32cube.ide.mcu.externaltools.gnu-tools-for-stm32.10.3-2021.10.win32_1.0.100.202210260954/tools/bin/../lib/gcc/arm-none-eabi/10.3.1/../../../../arm-none-eabi/lib/thumb/v7e-m+fp/hard\libc_nano.a(lib_a-impure.o)
                              c:/st/stm32cubeide_1.10.1/stm32cubeide/plugins/com.st.stm32cube.ide.mcu.externaltools.gnu-tools-for-stm32.10.3-2021.10.win32_1.0.100.202210260954/tools/bin/../lib/gcc/arm-none-eabi/10.3.1/../../../../arm-none-eabi/lib/thumb/v7e-m+fp/hard\libc_nano.a(lib_a-exit.o) (_global_impure_ptr)
c:/st/stm32cubeide_1.10.1/stm32cubeide/plugins/com.st.stm32cube.ide.mcu.externaltools.gnu-tools-for-stm32.10.3-2021.10.win32_1.0.100.202210260954/tools/bin/../lib/gcc/arm-none-eabi/10.3.1/../../../../arm-none-eabi/lib/thumb/v7e-m+fp/hard\libc_nano.a(lib_a-init.o)
                              c:/st/stm32cubeide_1.10.1/stm32cubeide/plugins/com.st.stm32cube.ide.mcu.externaltools.gnu-tools-for-stm32.10.3-2021.10.win32_1.0.100.202210260954/tools/bin/../lib/gcc/arm-none-eabi/10.3.1/../../../../arm-none-eabi/lib/thumb/v7e-m+fp/hard/crt0.o (__libc_init_array)
c:/st/stm32cubeide_1.10.1/stm32cubeide/plugins/com.st.stm32cube.ide.mcu.externaltools.gnu-tools-for-stm32.10.3-2021.10.win32_1.0.100.202210260954/tools/bin/../lib/gcc/arm-none-eabi/10.3.1/../../../../arm-none-eabi/lib/thumb/v7e-m+fp/hard\libc_nano.a(lib_a-lock.o)
                              c:/st/stm32cubeide_1.10.1/stm32cubeide/plugins/com.st.stm32cube.ide.mcu.externaltools.gnu-tools-for-stm32.10.3-2021.10.win32_1.0.100.202210260954/tools/bin/../lib/gcc/arm-none-eabi/10.3.1/../../../../arm-none-eabi/lib/thumb/v7e-m+fp/hard\libc_nano.a(lib_a-findfp.o) (__retarget_lock_init_recursive)
c:/st/stm32cubeide_1.10.1/stm32cubeide/plugins/com.st.stm32cube.ide.mcu.externaltools.gnu-tools-for-stm32.10.3-2021.10.win32_1.0.100.202210260954/tools/bin/../lib/gcc/arm-none-eabi/10.3.1/../../../../arm-none-eabi/lib/thumb/v7e-m+fp/hard\libc_nano.a(lib_a-memcpy-stub.o)
                              ./Middlewares/Third_Party/FreeRTOS/Source/queue.o (memcpy)
c:/st/stm32cubeide_1.10.1/stm32cubeide/plugins/com.st.stm32cube.ide.mcu.externaltools.gnu-tools-for-stm32.10.3-2021.10.win32_1.0.100.202210260954/tools/bin/../lib/gcc/arm-none-eabi/10.3.1/../../../../arm-none-eabi/lib/thumb/v7e-m+fp/hard\libc_nano.a(lib_a-memset.o)
                              c:/st/stm32cubeide_1.10.1/stm32cubeide/plugins/com.st.stm32cube.ide.mcu.externaltools.gnu-tools-for-stm32.10.3-2021.10.win32_1.0.100.202210260954/tools/bin/../lib/gcc/arm-none-eabi/10.3.1/../../../../arm-none-eabi/lib/thumb/v7e-m+fp/hard/crt0.o (memset)
c:/st/stm32cubeide_1.10.1/stm32cubeide/plugins/com.st.stm32cube.ide.mcu.externaltools.gnu-tools-for-stm32.10.3-2021.10.win32_1.0.100.202210260954/tools/bin/../lib/gcc/arm-none-eabi/10.3.1/../../../../arm-none-eabi/lib/thumb/v7e-m+fp/hard\libc_nano.a(lib_a-nano-mallocr.o)
[...]
Memory Configuration

Name             Origin             Length             Attributes
CCMRAM           0x0000000010000000 0x0000000000002000 xrw
RAM              0x0000000020000000 0x000000000000a000 xrw
FLASH            0x0000000008000000 0x0000000000040000 xr
*default*        0x0000000000000000 0xffffffffffffffff

Linker script and memory map

LOAD c:/st/stm32cubeide_1.10.1/stm32cubeide/plugins/com.st.stm32cube.ide.mcu.externaltools.gnu-tools-for-stm32.10.3-2021.10.win32_1.0.100.202210260954/tools/bin/../lib/gcc/arm-none-eabi/10.3.1/thumb/v7e-m+fp/hard/crti.o
LOAD c:/st/stm32cubeide_1.10.1/stm32cubeide/plugins/com.st.stm32cube.ide.mcu.externaltools.gnu-tools-for-stm32.10.3-2021.10.win32_1.0.100.202210260954/tools/bin/../lib/gcc/arm-none-eabi/10.3.1/thumb/v7e-m+fp/hard/crtbegin.o
LOAD c:/st/stm32cubeide_1.10.1/stm32cubeide/plugins/com.st.stm32cube.ide.mcu.externaltools.gnu-tools-for-stm32.10.3-2021.10.win32_1.0.100.202210260954/tools/bin/../lib/gcc/arm-none-eabi/10.3.1/../../../../arm-none-eabi/lib/thumb/v7e-m+fp/hard/crt0.o
LOAD ./Core/Src/freertos.o
LOAD ./Core/Src/gpio.o
LOAD ./Core/Src/i2c.o
LOAD ./Core/Src/led_effects.o
LOAD ./Core/Src/main.o
LOAD ./Core/Src/rtc.o
LOAD ./Core/Src/spi.o
LOAD ./Core/Src/stm32f3xx_hal_msp.o
LOAD ./Core/Src/stm32f3xx_hal_timebase_tim.o
LOAD ./Core/Src/stm32f3xx_it.o
LOAD ./Core/Src/syscalls.o
LOAD ./Core/Src/sysmem.o
LOAD ./Core/Src/system_stm32f3xx.o
LOAD ./Core/Src/task_handler.o
LOAD ./Core/Src/usart.o
LOAD ./Core/Src/usb.o
LOAD ./Core/Startup/startup_stm32f303vctx.o
LOAD ./Drivers/STM32F3xx_HAL_Driver/Src/stm32f3xx_hal.o
LOAD ./Drivers/STM32F3xx_HAL_Driver/Src/stm32f3xx_hal_cortex.o
LOAD ./Drivers/STM32F3xx_HAL_Driver/Src/stm32f3xx_hal_dma.o
LOAD ./Drivers/STM32F3xx_HAL_Driver/Src/stm32f3xx_hal_exti.o
LOAD ./Drivers/STM32F3xx_HAL_Driver/Src/stm32f3xx_hal_flash.o
LOAD ./Drivers/STM32F3xx_HAL_Driver/Src/stm32f3xx_hal_flash_ex.o
LOAD ./Drivers/STM32F3xx_HAL_Driver/Src/stm32f3xx_hal_gpio.o
LOAD ./Drivers/STM32F3xx_HAL_Driver/Src/stm32f3xx_hal_i2c.o
LOAD ./Drivers/STM32F3xx_HAL_Driver/Src/stm32f3xx_hal_i2c_ex.o
LOAD ./Drivers/STM32F3xx_HAL_Driver/Src/stm32f3xx_hal_pcd.o
LOAD ./Drivers/STM32F3xx_HAL_Driver/Src/stm32f3xx_hal_pcd_ex.o
LOAD ./Drivers/STM32F3xx_HAL_Driver/Src/stm32f3xx_hal_pwr.o
LOAD ./Drivers/STM32F3xx_HAL_Driver/Src/stm32f3xx_hal_pwr_ex.o
LOAD ./Drivers/STM32F3xx_HAL_Driver/Src/stm32f3xx_hal_rcc.o
LOAD ./Drivers/STM32F3xx_HAL_Driver/Src/stm32f3xx_hal_rcc_ex.o
LOAD ./Drivers/STM32F3xx_HAL_Driver/Src/stm32f3xx_hal_rtc.o
LOAD ./Drivers/STM32F3xx_HAL_Driver/Src/stm32f3xx_hal_rtc_ex.o
LOAD ./Drivers/STM32F3xx_HAL_Driver/Src/stm32f3xx_hal_spi.o
LOAD ./Drivers/STM32F3xx_HAL_Driver/Src/stm32f3xx_hal_spi_ex.o
LOAD ./Drivers/STM32F3xx_HAL_Driver/Src/stm32f3xx_hal_tim.o
LOAD ./Drivers/STM32F3xx_HAL_Driver/Src/stm32f3xx_hal_tim_ex.o
LOAD ./Drivers/STM32F3xx_HAL_Driver/Src/stm32f3xx_hal_uart.o
LOAD ./Drivers/STM32F3xx_HAL_Driver/Src/stm32f3xx_hal_uart_ex.o
LOAD ./Drivers/STM32F3xx_HAL_Driver/Src/stm32f3xx_ll_usb.o
LOAD ./Middlewares/Third_Party/FreeRTOS/Source/CMSIS_RTOS/cmsis_os.o
LOAD ./Middlewares/Third_Party/FreeRTOS/Source/croutine.o
LOAD ./Middlewares/Third_Party/FreeRTOS/Source/event_groups.o
LOAD ./Middlewares/Third_Party/FreeRTOS/Source/list.o
LOAD ./Middlewares/Third_Party/FreeRTOS/Source/queue.o
LOAD ./Middlewares/Third_Party/FreeRTOS/Source/stream_buffer.o
LOAD ./Middlewares/Third_Party/FreeRTOS/Source/tasks.o
LOAD ./Middlewares/Third_Party/FreeRTOS/Source/timers.o
LOAD ./Middlewares/Third_Party/FreeRTOS/Source/portable/GCC/ARM_CM4F/port.o
LOAD ./Middlewares/Third_Party/FreeRTOS/Source/portable/MemMang/heap_4.o
START GROUP
LOAD c:/st/stm32cubeide_1.10.1/stm32cubeide/plugins/com.st.stm32cube.ide.mcu.externaltools.gnu-tools-for-stm32.10.3-2021.10.win32_1.0.100.202210260954/tools/bin/../lib/gcc/arm-none-eabi/10.3.1/../../../../arm-none-eabi/lib/thumb/v7e-m+fp/hard\libc_nano.a
LOAD c:/st/stm32cubeide_1.10.1/stm32cubeide/plugins/com.st.stm32cube.ide.mcu.externaltools.gnu-tools-for-stm32.10.3-2021.10.win32_1.0.100.202210260954/tools/bin/../lib/gcc/arm-none-eabi/10.3.1/../../../../arm-none-eabi/lib/thumb/v7e-m+fp/hard\libm.a
END GROUP
START GROUP
LOAD c:/st/stm32cubeide_1.10.1/stm32cubeide/plugins/com.st.stm32cube.ide.mcu.externaltools.gnu-tools-for-stm32.10.3-2021.10.win32_1.0.100.202210260954/tools/bin/../lib/gcc/arm-none-eabi/10.3.1/thumb/v7e-m+fp/hard\libgcc.a
LOAD c:/st/stm32cubeide_1.10.1/stm32cubeide/plugins/com.st.stm32cube.ide.mcu.externaltools.gnu-tools-for-stm32.10.3-2021.10.win32_1.0.100.202210260954/tools/bin/../lib/gcc/arm-none-eabi/10.3.1/../../../../arm-none-eabi/lib/thumb/v7e-m+fp/hard\libc_nano.a
END GROUP
START GROUP
LOAD c:/st/stm32cubeide_1.10.1/stm32cubeide/plugins/com.st.stm32cube.ide.mcu.externaltools.gnu-tools-for-stm32.10.3-2021.10.win32_1.0.100.202210260954/tools/bin/../lib/gcc/arm-none-eabi/10.3.1/thumb/v7e-m+fp/hard\libgcc.a
LOAD c:/st/stm32cubeide_1.10.1/stm32cubeide/plugins/com.st.stm32cube.ide.mcu.externaltools.gnu-tools-for-stm32.10.3-2021.10.win32_1.0.100.202210260954/tools/bin/../lib/gcc/arm-none-eabi/10.3.1/../../../../arm-none-eabi/lib/thumb/v7e-m+fp/hard\libc_nano.a
LOAD c:/st/stm32cubeide_1.10.1/stm32cubeide/plugins/com.st.stm32cube.ide.mcu.externaltools.gnu-tools-for-stm32.10.3-2021.10.win32_1.0.100.202210260954/tools/bin/../lib/gcc/arm-none-eabi/10.3.1/../../../../arm-none-eabi/lib/thumb/v7e-m+fp/hard\libnosys.a
END GROUP
START GROUP
LOAD c:/st/stm32cubeide_1.10.1/stm32cubeide/plugins/com.st.stm32cube.ide.mcu.externaltools.gnu-tools-for-stm32.10.3-2021.10.win32_1.0.100.202210260954/tools/bin/../lib/gcc/arm-none-eabi/10.3.1/thumb/v7e-m+fp/hard\libgcc.a
LOAD c:/st/stm32cubeide_1.10.1/stm32cubeide/plugins/com.st.stm32cube.ide.mcu.externaltools.gnu-tools-for-stm32.10.3-2021.10.win32_1.0.100.202210260954/tools/bin/../lib/gcc/arm-none-eabi/10.3.1/../../../../arm-none-eabi/lib/thumb/v7e-m+fp/hard\libc_nano.a
LOAD c:/st/stm32cubeide_1.10.1/stm32cubeide/plugins/com.st.stm32cube.ide.mcu.externaltools.gnu-tools-for-stm32.10.3-2021.10.win32_1.0.100.202210260954/tools/bin/../lib/gcc/arm-none-eabi/10.3.1/../../../../arm-none-eabi/lib/thumb/v7e-m+fp/hard\libnosys.a
END GROUP
LOAD c:/st/stm32cubeide_1.10.1/stm32cubeide/plugins/com.st.stm32cube.ide.mcu.externaltools.gnu-tools-for-stm32.10.3-2021.10.win32_1.0.100.202210260954/tools/bin/../lib/gcc/arm-none-eabi/10.3.1/thumb/v7e-m+fp/hard/crtend.o
LOAD c:/st/stm32cubeide_1.10.1/stm32cubeide/plugins/com.st.stm32cube.ide.mcu.externaltools.gnu-tools-for-stm32.10.3-2021.10.win32_1.0.100.202210260954/tools/bin/../lib/gcc/arm-none-eabi/10.3.1/thumb/v7e-m+fp/hard/crtn.o
                0x000000002000a000                _estack = (ORIGIN (RAM) + LENGTH (RAM))
                0x0000000000000200                _Min_Heap_Size = 0x200
                0x0000000000000400                _Min_Stack_Size = 0x400

.isr_vector     0x0000000008000000      0x188
                0x0000000008000000                . = ALIGN (0x4)
 *(.isr_vector)
 .isr_vector    0x0000000008000000      0x188 ./Core/Startup/startup_stm32f303vctx.o
                0x0000000008000000                g_pfnVectors
                0x0000000008000188                . = ALIGN (0x4)

.text           0x0000000008000190     0x81d0
                0x0000000008000190                . = ALIGN (0x4)
 *(.text)
 .text          0x0000000008000190       0x40 c:/st/stm32cubeide_1.10.1/stm32cubeide/plugins/com.st.stm32cube.ide.mcu.externaltools.gnu-tools-for-stm32.10.3-2021.10.win32_1.0.100.202210260954/tools/bin/../lib/gcc/arm-none-eabi/10.3.1/thumb/v7e-m+fp/hard/crtbegin.o
 .text          0x00000000080001d0       0x14 c:/st/stm32cubeide_1.10.1/stm32cubeide/plugins/com.st.stm32cube.ide.mcu.externaltools.gnu-tools-for-stm32.10.3-2021.10.win32_1.0.100.202210260954/tools/bin/../lib/gcc/arm-none-eabi/10.3.1/../../../../arm-none-eabi/lib/thumb/v7e-m+fp/hard\libc_nano.a(lib_a-strcmp.o)
                0x00000000080001d0                strcmp
 .text          0x00000000080001e4       0x10 c:/st/stm32cubeide_1.10.1/stm32cubeide/plugins/com.st.stm32cube.ide.mcu.externaltools.gnu-tools-for-stm32.10.3-2021.10.win32_1.0.100.202210260954/tools/bin/../lib/gcc/arm-none-eabi/10.3.1/../../../../arm-none-eabi/lib/thumb/v7e-m+fp/hard\libc_nano.a(lib_a-strlen.o)
                0x00000000080001e4                strlen
 *(.text*)
 .text.vApplicationGetIdleTaskMemory
                0x00000000080001f4       0x34 ./Core/Src/freertos.o
                0x00000000080001f4                vApplicationGetIdleTaskMemory
 .text.vApplicationGetTimerTaskMemory
                0x0000000008000228       0x34 ./Core/Src/freertos.o
                0x0000000008000228                vApplicationGetTimerTaskMemory
 .text.MX_FREERTOS_Init
                0x000000000800025c        0xe ./Core/Src/freertos.o
                0x000000000800025c                MX_FREERTOS_Init
 *fill*         0x000000000800026a        0x2 
 .text.MX_GPIO_Init
                0x000000000800026c       0xfc ./Core/Src/gpio.o
                0x000000000800026c                MX_GPIO_Init
 .text.MX_I2C1_Init
                0x0000000008000368       0x80 ./Core/Src/i2c.o
                0x0000000008000368                MX_I2C1_Init
 .text.HAL_I2C_MspInit
                0x00000000080003e8       0x88 ./Core/Src/i2c.o
                0x00000000080003e8                HAL_I2C_MspInit
 .text.led_effect_stop
                0x0000000008000470       0x40 ./Core/Src/led_effects.o
                0x0000000008000470                led_effect_stop
 .text.led_effect
                0x00000000080004b0       0x3c ./Core/Src/led_effects.o
                0x00000000080004b0                led_effect
 .text.turn_on_all_leds
                0x00000000080004ec       0x24 ./Core/Src/led_effects.o
                0x00000000080004ec                turn_on_all_leds
 .text.turn_off_all_leds
                0x0000000008000510       0x24 ./Core/Src/led_effects.o
                0x0000000008000510                turn_off_all_leds
 .text.turn_on_odd_leds
                0x0000000008000534       0x24 ./Core/Src/led_effects.o
                0x0000000008000534                turn_on_odd_leds
 .text.turn_off_odd_leds
                0x0000000008000558       0x24 ./Core/Src/led_effects.o
                0x0000000008000558                turn_off_odd_leds
 .text.LED_effect1
                0x000000000800057c       0x2c ./Core/Src/led_effects.o
                0x000000000800057c                LED_effect1
 .text.LED_effect2
                0x00000000080005a8       0x2c ./Core/Src/led_effects.o
                0x00000000080005a8                LED_effect2
 .text.LED_effect3
                0x00000000080005d4       0x18 ./Core/Src/led_effects.o
                0x00000000080005d4                LED_effect3
 .text.LED_effect4
                0x00000000080005ec       0x18 ./Core/Src/led_effects.o
                0x00000000080005ec                LED_effect4
 .text.main     0x0000000008000604      0x1c0 ./Core/Src/main.o
                0x0000000008000604                main
 .text.SystemClock_Config
                0x00000000080007c4       0xd0 ./Core/Src/main.o
                0x00000000080007c4                SystemClock_Config
 .text.led_effect_callback
                0x0000000008000894       0x50 ./Core/Src/main.o
                0x0000000008000894                led_effect_callback
 .text.HAL_UART_RxCpltCallback
                0x00000000080008e4       0xa0 ./Core/Src/main.o
                0x00000000080008e4                HAL_UART_RxCpltCallback
 .text.HAL_TIM_PeriodElapsedCallback
                0x0000000008000984       0x24 ./Core/Src/main.o
                0x0000000008000984                HAL_TIM_PeriodElapsedCallback
 .text.Error_Handler
                0x00000000080009a8        0xa ./Core/Src/main.o
                0x00000000080009a8                Error_Handler
 *fill*         0x00000000080009b2        0x2 
 .text.MX_RTC_Init
                0x00000000080009b4       0x4c ./Core/Src/rtc.o
                0x00000000080009b4                MX_RTC_Init
 .text.HAL_RTC_MspInit
                0x0000000008000a00       0x4c ./Core/Src/rtc.o
                0x0000000008000a00                HAL_RTC_MspInit
 .text.MX_SPI1_Init
                0x0000000008000a4c       0x7c ./Core/Src/spi.o
                0x0000000008000a4c                MX_SPI1_Init
 .text.HAL_SPI_MspInit
                0x0000000008000ac8       0x84 ./Core/Src/spi.o
                0x0000000008000ac8                HAL_SPI_MspInit
 .text.HAL_MspInit
                0x0000000008000b4c       0x50 ./Core/Src/stm32f3xx_hal_msp.o
                0x0000000008000b4c                HAL_MspInit
 .text.HAL_InitTick
                0x0000000008000b9c       0xf4 ./Core/Src/stm32f3xx_hal_timebase_tim.o
                0x0000000008000b9c                HAL_InitTick
 .text.NMI_Handler
                0x0000000008000c90        0x6 ./Core/Src/stm32f3xx_it.o
                0x0000000008000c90                NMI_Handler
 .text.HardFault_Handler
                0x0000000008000c96        0x6 ./Core/Src/stm32f3xx_it.o
                0x0000000008000c96                HardFault_Handler
 .text.MemManage_Handler
                0x0000000008000c9c        0x6 ./Core/Src/stm32f3xx_it.o
                0x0000000008000c9c                MemManage_Handler
 .text.BusFault_Handler
                0x0000000008000ca2        0x6 ./Core/Src/stm32f3xx_it.o
                0x0000000008000ca2                BusFault_Handler
 .text.UsageFault_Handler
                0x0000000008000ca8        0x6 ./Core/Src/stm32f3xx_it.o
                0x0000000008000ca8                UsageFault_Handler
 .text.DebugMon_Handler
                0x0000000008000cae        0xe ./Core/Src/stm32f3xx_it.o
                0x0000000008000cae                DebugMon_Handler
 .text.USART2_IRQHandler
                0x0000000008000cbc       0x14 ./Core/Src/stm32f3xx_it.o
                0x0000000008000cbc                USART2_IRQHandler
 .text.TIM6_DAC_IRQHandler
                0x0000000008000cd0       0x14 ./Core/Src/stm32f3xx_it.o
                0x0000000008000cd0                TIM6_DAC_IRQHandler
 .text.SystemInit
                0x0000000008000ce4       0x24 ./Core/Src/system_stm32f3xx.o
                0x0000000008000ce4                SystemInit
 .text.menu_task
                0x0000000008000d08       0xd8 ./Core/Src/task_handler.o
                0x0000000008000d08                menu_task
 .text.led_task
                0x0000000008000de0      0x120 ./Core/Src/task_handler.o
                0x0000000008000de0                led_task
 .text.print_task
                0x0000000008000f00       0x40 ./Core/Src/task_handler.o
                0x0000000008000f00                print_task
 .text.cmd_handler_task
                0x0000000008000f40       0x24 ./Core/Src/task_handler.o
                0x0000000008000f40                cmd_handler_task
 .text.process_command
                0x0000000008000f64       0x6c ./Core/Src/task_handler.o
                0x0000000008000f64                process_command
 .text.extract_command
                0x0000000008000fd0       0x74 ./Core/Src/task_handler.o
                0x0000000008000fd0                extract_command
 .text.MX_USART2_UART_Init
                0x0000000008001044       0x60 ./Core/Src/usart.o
                0x0000000008001044                MX_USART2_UART_Init
 .text.HAL_UART_MspInit
                0x00000000080010a4       0x94 ./Core/Src/usart.o
                0x00000000080010a4                HAL_UART_MspInit
 .text.MX_USB_PCD_Init
                0x0000000008001138       0x44 ./Core/Src/usb.o
                0x0000000008001138                MX_USB_PCD_Init
 .text.HAL_PCD_MspInit
                0x000000000800117c       0x88 ./Core/Src/usb.o
                0x000000000800117c                HAL_PCD_MspInit
 .text.Reset_Handler
                0x0000000008001204       0x50 ./Core/Startup/startup_stm32f303vctx.o
                0x0000000008001204                Reset_Handler
 .text.Default_Handler
                0x0000000008001254        0x2 ./Core/Startup/startup_stm32f303vctx.o
                0x0000000008001254                RTC_Alarm_IRQHandler
                0x0000000008001254                TIM8_TRG_COM_IRQHandler
                0x0000000008001254                TIM8_CC_IRQHandler
                0x0000000008001254                TIM1_CC_IRQHandler
                0x0000000008001254                USB_HP_IRQHandler
                0x0000000008001254                PVD_IRQHandler
                0x0000000008001254                TAMP_STAMP_IRQHandler
                0x0000000008001254                EXTI3_IRQHandler
                0x0000000008001254                USB_HP_CAN_TX_IRQHandler
                0x0000000008001254                EXTI0_IRQHandler
                0x0000000008001254                I2C2_EV_IRQHandler
                0x0000000008001254                FPU_IRQHandler
                0x0000000008001254                TIM1_UP_TIM16_IRQHandler
                0x0000000008001254                ADC1_2_IRQHandler
                0x0000000008001254                SPI1_IRQHandler
                0x0000000008001254                CAN_SCE_IRQHandler
                0x0000000008001254                TIM8_UP_IRQHandler
                0x0000000008001254                DMA2_Channel2_IRQHandler
                0x0000000008001254                DMA1_Channel4_IRQHandler
                0x0000000008001254                USART3_IRQHandler
                0x0000000008001254                DMA1_Channel7_IRQHandler
                0x0000000008001254                UART5_IRQHandler
                0x0000000008001254                ADC3_IRQHandler
                0x0000000008001254                TIM4_IRQHandler
                0x0000000008001254                CAN_RX1_IRQHandler
                0x0000000008001254                DMA2_Channel1_IRQHandler
                0x0000000008001254                I2C1_EV_IRQHandler
                0x0000000008001254                DMA1_Channel6_IRQHandler
                0x0000000008001254                UART4_IRQHandler
                0x0000000008001254                DMA2_Channel4_IRQHandler
                0x0000000008001254                TIM3_IRQHandler
                0x0000000008001254                RCC_IRQHandler
                0x0000000008001254                DMA1_Channel1_IRQHandler
                0x0000000008001254                Default_Handler
                0x0000000008001254                USBWakeUp_RMP_IRQHandler
                0x0000000008001254                EXTI15_10_IRQHandler
                0x0000000008001254                TIM7_IRQHandler
                0x0000000008001254                EXTI9_5_IRQHandler
                0x0000000008001254                RTC_WKUP_IRQHandler
                0x0000000008001254                SPI2_IRQHandler
                0x0000000008001254                USB_LP_CAN_RX0_IRQHandler
                0x0000000008001254                DMA2_Channel5_IRQHandler
                0x0000000008001254                DMA1_Channel5_IRQHandler
                0x0000000008001254                USB_LP_IRQHandler
                0x0000000008001254                EXTI4_IRQHandler
                0x0000000008001254                TIM1_TRG_COM_TIM17_IRQHandler
                0x0000000008001254                DMA1_Channel3_IRQHandler
                0x0000000008001254                ADC4_IRQHandler
                0x0000000008001254                WWDG_IRQHandler
                0x0000000008001254                TIM2_IRQHandler
                0x0000000008001254                COMP7_IRQHandler
                0x0000000008001254                COMP1_2_3_IRQHandler
                0x0000000008001254                EXTI1_IRQHandler
                0x0000000008001254                COMP4_5_6_IRQHandler
                0x0000000008001254                I2C2_ER_IRQHandler
                0x0000000008001254                DMA1_Channel2_IRQHandler
                0x0000000008001254                TIM8_BRK_IRQHandler
                0x0000000008001254                FLASH_IRQHandler
                0x0000000008001254                USART1_IRQHandler
                0x0000000008001254                SPI3_IRQHandler
                0x0000000008001254                I2C1_ER_IRQHandler
                0x0000000008001254                USBWakeUp_IRQHandler
                0x0000000008001254                DMA2_Channel3_IRQHandler
                0x0000000008001254                EXTI2_TSC_IRQHandler
                0x0000000008001254                TIM1_BRK_TIM15_IRQHandler
 *fill*         0x0000000008001256        0x2 
 .text.HAL_Init
                0x0000000008001258       0x2c ./Drivers/STM32F3xx_HAL_Driver/Src/stm32f3xx_hal.o
                0x0000000008001258                HAL_Init
 .text.HAL_IncTick
                0x0000000008001284       0x28 ./Drivers/STM32F3xx_HAL_Driver/Src/stm32f3xx_hal.o
                0x0000000008001284                HAL_IncTick
 .text.HAL_GetTick
                0x00000000080012ac       0x18 ./Drivers/STM32F3xx_HAL_Driver/Src/stm32f3xx_hal.o
                0x00000000080012ac                HAL_GetTick
 .text.__NVIC_SetPriorityGrouping
                0x00000000080012c4       0x48 ./Drivers/STM32F3xx_HAL_Driver/Src/stm32f3xx_hal_cortex.o
 .text.__NVIC_GetPriorityGrouping
                0x000000000800130c       0x1c ./Drivers/STM32F3xx_HAL_Driver/Src/stm32f3xx_hal_cortex.o
 .text.__NVIC_EnableIRQ
                0x0000000008001328       0x3c ./Drivers/STM32F3xx_HAL_Driver/Src/stm32f3xx_hal_cortex.o
 .text.__NVIC_SetPriority
                0x0000000008001364       0x54 ./Drivers/STM32F3xx_HAL_Driver/Src/stm32f3xx_hal_cortex.o
 .text.NVIC_EncodePriority
                0x00000000080013b8       0x66 ./Drivers/STM32F3xx_HAL_Driver/Src/stm32f3xx_hal_cortex.o
 .text.HAL_NVIC_SetPriorityGrouping
                0x000000000800141e       0x16 ./Drivers/STM32F3xx_HAL_Driver/Src/stm32f3xx_hal_cortex.o
                0x000000000800141e                HAL_NVIC_SetPriorityGrouping
 .text.HAL_NVIC_SetPriority
                0x0000000008001434       0x38 ./Drivers/STM32F3xx_HAL_Driver/Src/stm32f3xx_hal_cortex.o
                0x0000000008001434                HAL_NVIC_SetPriority
 .text.HAL_NVIC_EnableIRQ
                0x000000000800146c       0x1c ./Drivers/STM32F3xx_HAL_Driver/Src/stm32f3xx_hal_cortex.o
                0x000000000800146c                HAL_NVIC_EnableIRQ
 .text.HAL_DMA_Abort
                0x0000000008001488       0x72 ./Drivers/STM32F3xx_HAL_Driver/Src/stm32f3xx_hal_dma.o
                0x0000000008001488                HAL_DMA_Abort
 .text.HAL_DMA_Abort_IT
                0x00000000080014fa       0x7c ./Drivers/STM32F3xx_HAL_Driver/Src/stm32f3xx_hal_dma.o
                0x00000000080014fa                HAL_DMA_Abort_IT
 *fill*         0x0000000008001576        0x2 
 .text.HAL_GPIO_Init
                0x0000000008001578      0x2f4 ./Drivers/STM32F3xx_HAL_Driver/Src/stm32f3xx_hal_gpio.o
                0x0000000008001578                HAL_GPIO_Init
 .text.HAL_GPIO_WritePin
                0x000000000800186c       0x30 ./Drivers/STM32F3xx_HAL_Driver/Src/stm32f3xx_hal_gpio.o
                0x000000000800186c                HAL_GPIO_WritePin
 .text.HAL_I2C_Init
                0x000000000800189c      0x11e ./Drivers/STM32F3xx_HAL_Driver/Src/stm32f3xx_hal_i2c.o
                0x000000000800189c                HAL_I2C_Init
 .text.HAL_I2CEx_ConfigAnalogFilter
                0x00000000080019ba       0x96 ./Drivers/STM32F3xx_HAL_Driver/Src/stm32f3xx_hal_i2c_ex.o
                0x00000000080019ba                HAL_I2CEx_ConfigAnalogFilter
 .text.HAL_I2CEx_ConfigDigitalFilter
                0x0000000008001a50       0x98 ./Drivers/STM32F3xx_HAL_Driver/Src/stm32f3xx_hal_i2c_ex.o
                0x0000000008001a50                HAL_I2CEx_ConfigDigitalFilter
 .text.HAL_PCD_Init
                0x0000000008001ae8      0x1bc ./Drivers/STM32F3xx_HAL_Driver/Src/stm32f3xx_hal_pcd.o
                0x0000000008001ae8                HAL_PCD_Init
 .text.HAL_RCC_OscConfig
                0x0000000008001ca4     0x107c ./Drivers/STM32F3xx_HAL_Driver/Src/stm32f3xx_hal_rcc.o
                0x0000000008001ca4                HAL_RCC_OscConfig
 .text.HAL_RCC_ClockConfig
                0x0000000008002d20      0x2f8 ./Drivers/STM32F3xx_HAL_Driver/Src/stm32f3xx_hal_rcc.o
                0x0000000008002d20                HAL_RCC_ClockConfig
 .text.HAL_RCC_GetSysClockFreq
                0x0000000008003018       0xd4 ./Drivers/STM32F3xx_HAL_Driver/Src/stm32f3xx_hal_rcc.o
                0x0000000008003018                HAL_RCC_GetSysClockFreq
 .text.HAL_RCC_GetHCLKFreq
                0x00000000080030ec       0x18 ./Drivers/STM32F3xx_HAL_Driver/Src/stm32f3xx_hal_rcc.o
                0x00000000080030ec                HAL_RCC_GetHCLKFreq
 .text.HAL_RCC_GetPCLK1Freq
                0x0000000008003104       0x44 ./Drivers/STM32F3xx_HAL_Driver/Src/stm32f3xx_hal_rcc.o
                0x0000000008003104                HAL_RCC_GetPCLK1Freq
 .text.HAL_RCC_GetPCLK2Freq
                0x0000000008003148       0x44 ./Drivers/STM32F3xx_HAL_Driver/Src/stm32f3xx_hal_rcc.o
                0x0000000008003148                HAL_RCC_GetPCLK2Freq
 .text.HAL_RCC_GetClockConfig
                0x000000000800318c       0x64 ./Drivers/STM32F3xx_HAL_Driver/Src/stm32f3xx_hal_rcc.o
                0x000000000800318c                HAL_RCC_GetClockConfig
 .text.HAL_RCCEx_PeriphCLKConfig
                0x00000000080031f0      0x360 ./Drivers/STM32F3xx_HAL_Driver/Src/stm32f3xx_hal_rcc_ex.o
                0x00000000080031f0                HAL_RCCEx_PeriphCLKConfig
 .text.HAL_RTC_Init
                0x0000000008003550      0x122 ./Drivers/STM32F3xx_HAL_Driver/Src/stm32f3xx_hal_rtc.o
                0x0000000008003550                HAL_RTC_Init
 .text.HAL_RTC_WaitForSynchro
                0x0000000008003672       0x50 ./Drivers/STM32F3xx_HAL_Driver/Src/stm32f3xx_hal_rtc.o
                0x0000000008003672                HAL_RTC_WaitForSynchro
 .text.RTC_EnterInitMode
                0x00000000080036c2       0x58 ./Drivers/STM32F3xx_HAL_Driver/Src/stm32f3xx_hal_rtc.o
                0x00000000080036c2                RTC_EnterInitMode
 .text.HAL_SPI_Init
                0x000000000800371a      0x156 ./Drivers/STM32F3xx_HAL_Driver/Src/stm32f3xx_hal_spi.o
                0x000000000800371a                HAL_SPI_Init
 .text.HAL_TIM_Base_Init
                0x0000000008003870       0xae ./Drivers/STM32F3xx_HAL_Driver/Src/stm32f3xx_hal_tim.o
                0x0000000008003870                HAL_TIM_Base_Init
 .text.HAL_TIM_Base_MspInit
                0x000000000800391e       0x14 ./Drivers/STM32F3xx_HAL_Driver/Src/stm32f3xx_hal_tim.o
                0x000000000800391e                HAL_TIM_Base_MspInit
 *fill*         0x0000000008003932        0x2 
 .text.HAL_TIM_Base_Start_IT
                0x0000000008003934       0xd4 ./Drivers/STM32F3xx_HAL_Driver/Src/stm32f3xx_hal_tim.o
                0x0000000008003934                HAL_TIM_Base_Start_IT
 .text.HAL_TIM_IRQHandler
                0x0000000008003a08      0x23e ./Drivers/STM32F3xx_HAL_Driver/Src/stm32f3xx_hal_tim.o
                0x0000000008003a08                HAL_TIM_IRQHandler
 .text.HAL_TIM_OC_DelayElapsedCallback
                0x0000000008003c46       0x14 ./Drivers/STM32F3xx_HAL_Driver/Src/stm32f3xx_hal_tim.o
                0x0000000008003c46                HAL_TIM_OC_DelayElapsedCallback
 .text.HAL_TIM_IC_CaptureCallback
                0x0000000008003c5a       0x14 ./Drivers/STM32F3xx_HAL_Driver/Src/stm32f3xx_hal_tim.o
                0x0000000008003c5a                HAL_TIM_IC_CaptureCallback
 .text.HAL_TIM_PWM_PulseFinishedCallback
                0x0000000008003c6e       0x14 ./Drivers/STM32F3xx_HAL_Driver/Src/stm32f3xx_hal_tim.o
                0x0000000008003c6e                HAL_TIM_PWM_PulseFinishedCallback
 .text.HAL_TIM_TriggerCallback
                0x0000000008003c82       0x14 ./Drivers/STM32F3xx_HAL_Driver/Src/stm32f3xx_hal_tim.o
                0x0000000008003c82                HAL_TIM_TriggerCallback
 *fill*         0x0000000008003c96        0x2 
 .text.TIM_Base_SetConfig
                0x0000000008003c98      0x120 ./Drivers/STM32F3xx_HAL_Driver/Src/stm32f3xx_hal_tim.o
                0x0000000008003c98                TIM_Base_SetConfig
 .text.HAL_TIMEx_CommutCallback
                0x0000000008003db8       0x14 ./Drivers/STM32F3xx_HAL_Driver/Src/stm32f3xx_hal_tim_ex.o
                0x0000000008003db8                HAL_TIMEx_CommutCallback
 .text.HAL_TIMEx_BreakCallback
                0x0000000008003dcc       0x14 ./Drivers/STM32F3xx_HAL_Driver/Src/stm32f3xx_hal_tim_ex.o
                0x0000000008003dcc                HAL_TIMEx_BreakCallback
 .text.HAL_TIMEx_Break2Callback
                0x0000000008003de0       0x14 ./Drivers/STM32F3xx_HAL_Driver/Src/stm32f3xx_hal_tim_ex.o
                0x0000000008003de0                HAL_TIMEx_Break2Callback
 .text.HAL_UART_Init
                0x0000000008003df4       0x9c ./Drivers/STM32F3xx_HAL_Driver/Src/stm32f3xx_hal_uart.o
                0x0000000008003df4                HAL_UART_Init
 .text.HAL_UART_Transmit
                0x0000000008003e90      0x128 ./Drivers/STM32F3xx_HAL_Driver/Src/stm32f3xx_hal_uart.o
                0x0000000008003e90                HAL_UART_Transmit
 .text.HAL_UART_Receive_IT
                0x0000000008003fb8       0x9c ./Drivers/STM32F3xx_HAL_Driver/Src/stm32f3xx_hal_uart.o
                0x0000000008003fb8                HAL_UART_Receive_IT
 .text.HAL_UART_IRQHandler
                0x0000000008004054      0x5bc ./Drivers/STM32F3xx_HAL_Driver/Src/stm32f3xx_hal_uart.o
                0x0000000008004054                HAL_UART_IRQHandler
 .text.HAL_UART_TxCpltCallback
                0x0000000008004610       0x14 ./Drivers/STM32F3xx_HAL_Driver/Src/stm32f3xx_hal_uart.o
                0x0000000008004610                HAL_UART_TxCpltCallback
 .text.HAL_UART_ErrorCallback
                0x0000000008004624       0x14 ./Drivers/STM32F3xx_HAL_Driver/Src/stm32f3xx_hal_uart.o
                0x0000000008004624                HAL_UART_ErrorCallback
 .text.HAL_UARTEx_RxEventCallback
                0x0000000008004638       0x18 ./Drivers/STM32F3xx_HAL_Driver/Src/stm32f3xx_hal_uart.o
                0x0000000008004638                HAL_UARTEx_RxEventCallback
 .text.UART_SetConfig
                0x0000000008004650      0x3ac ./Drivers/STM32F3xx_HAL_Driver/Src/stm32f3xx_hal_uart.o
                0x0000000008004650                UART_SetConfig
 .text.UART_AdvFeatureConfig
                0x00000000080049fc      0x144 ./Drivers/STM32F3xx_HAL_Driver/Src/stm32f3xx_hal_uart.o
                0x00000000080049fc                UART_AdvFeatureConfig
 .text.UART_CheckIdleState
                0x0000000008004b40       0x92 ./Drivers/STM32F3xx_HAL_Driver/Src/stm32f3xx_hal_uart.o
                0x0000000008004b40                UART_CheckIdleState
 .text.UART_WaitOnFlagUntilTimeout
                0x0000000008004bd2      0x188 ./Drivers/STM32F3xx_HAL_Driver/Src/stm32f3xx_hal_uart.o
                0x0000000008004bd2                UART_WaitOnFlagUntilTimeout
 *fill*         0x0000000008004d5a        0x2 
 .text.UART_Start_Receive_IT
                0x0000000008004d5c      0x130 ./Drivers/STM32F3xx_HAL_Driver/Src/stm32f3xx_hal_uart.o
                0x0000000008004d5c                UART_Start_Receive_IT
 .text.UART_EndRxTransfer
                0x0000000008004e8c       0xc6 ./Drivers/STM32F3xx_HAL_Driver/Src/stm32f3xx_hal_uart.o
 .text.UART_DMAAbortOnError
                0x0000000008004f52       0x2c ./Drivers/STM32F3xx_HAL_Driver/Src/stm32f3xx_hal_uart.o
 .text.UART_EndTransmit_IT
                0x0000000008004f7e       0x54 ./Drivers/STM32F3xx_HAL_Driver/Src/stm32f3xx_hal_uart.o
 .text.UART_RxISR_8BIT
                0x0000000008004fd2      0x15c ./Drivers/STM32F3xx_HAL_Driver/Src/stm32f3xx_hal_uart.o
 .text.UART_RxISR_16BIT
                0x000000000800512e      0x15c ./Drivers/STM32F3xx_HAL_Driver/Src/stm32f3xx_hal_uart.o
 .text.HAL_UARTEx_WakeupCallback
                0x000000000800528a       0x14 ./Drivers/STM32F3xx_HAL_Driver/Src/stm32f3xx_hal_uart_ex.o
                0x000000000800528a                HAL_UARTEx_WakeupCallback
 .text.USB_DisableGlobalInt
                0x000000000800529e       0x36 ./Drivers/STM32F3xx_HAL_Driver/Src/stm32f3xx_ll_usb.o
                0x000000000800529e                USB_DisableGlobalInt
 .text.USB_DevInit
                0x00000000080052d4       0x42 ./Drivers/STM32F3xx_HAL_Driver/Src/stm32f3xx_ll_usb.o
                0x00000000080052d4                USB_DevInit
 .text.osKernelStart
                0x0000000008005316        0xe ./Middlewares/Third_Party/FreeRTOS/Source/CMSIS_RTOS/cmsis_os.o
                0x0000000008005316                osKernelStart
 .text.vListInitialise
                0x0000000008005324       0x40 ./Middlewares/Third_Party/FreeRTOS/Source/list.o
                0x0000000008005324                vListInitialise
 .text.vListInitialiseItem
                0x0000000008005364       0x1a ./Middlewares/Third_Party/FreeRTOS/Source/list.o
                0x0000000008005364                vListInitialiseItem
 .text.vListInsertEnd
                0x000000000800537e       0x48 ./Middlewares/Third_Party/FreeRTOS/Source/list.o
                0x000000000800537e                vListInsertEnd
 .text.vListInsert
                0x00000000080053c6       0x72 ./Middlewares/Third_Party/FreeRTOS/Source/list.o
                0x00000000080053c6                vListInsert
 .text.uxListRemove
                0x0000000008005438       0x54 ./Middlewares/Third_Party/FreeRTOS/Source/list.o
                0x0000000008005438                uxListRemove
 .text.xQueueGenericReset
                0x000000000800548c       0xd0 ./Middlewares/Third_Party/FreeRTOS/Source/queue.o
                0x000000000800548c                xQueueGenericReset
 .text.xQueueGenericCreateStatic
                0x000000000800555c       0xee ./Middlewares/Third_Party/FreeRTOS/Source/queue.o
                0x000000000800555c                xQueueGenericCreateStatic
 .text.xQueueGenericCreate
                0x000000000800564a       0x7c ./Middlewares/Third_Party/FreeRTOS/Source/queue.o
                0x000000000800564a                xQueueGenericCreate
 .text.prvInitialiseNewQueue
                0x00000000080056c6       0x3e ./Middlewares/Third_Party/FreeRTOS/Source/queue.o
 .text.xQueueGenericSend
                0x0000000008005704      0x1fc ./Middlewares/Third_Party/FreeRTOS/Source/queue.o
                0x0000000008005704                xQueueGenericSend
 .text.xQueueGenericSendFromISR
                0x0000000008005900      0x130 ./Middlewares/Third_Party/FreeRTOS/Source/queue.o
                0x0000000008005900                xQueueGenericSendFromISR
 .text.xQueueReceive
                0x0000000008005a30      0x1c0 ./Middlewares/Third_Party/FreeRTOS/Source/queue.o
                0x0000000008005a30                xQueueReceive
 .text.xQueueReceiveFromISR
                0x0000000008005bf0      0x100 ./Middlewares/Third_Party/FreeRTOS/Source/queue.o
                0x0000000008005bf0                xQueueReceiveFromISR
 .text.uxQueueMessagesWaiting
                0x0000000008005cf0       0x3c ./Middlewares/Third_Party/FreeRTOS/Source/queue.o
                0x0000000008005cf0                uxQueueMessagesWaiting
 .text.prvCopyDataToQueue
                0x0000000008005d2c       0xd4 ./Middlewares/Third_Party/FreeRTOS/Source/queue.o
 .text.prvCopyDataFromQueue
                0x0000000008005e00       0x4c ./Middlewares/Third_Party/FreeRTOS/Source/queue.o
 .text.prvUnlockQueue
                0x0000000008005e4c       0xa4 ./Middlewares/Third_Party/FreeRTOS/Source/queue.o
 .text.prvIsQueueEmpty
                0x0000000008005ef0       0x2c ./Middlewares/Third_Party/FreeRTOS/Source/queue.o
 .text.prvIsQueueFull
                0x0000000008005f1c       0x30 ./Middlewares/Third_Party/FreeRTOS/Source/queue.o
 .text.xQueueIsQueueFullFromISR
                0x0000000008005f4c       0x48 ./Middlewares/Third_Party/FreeRTOS/Source/queue.o
                0x0000000008005f4c                xQueueIsQueueFullFromISR
 .text.vQueueAddToRegistry
                0x0000000008005f94       0x54 ./Middlewares/Third_Party/FreeRTOS/Source/queue.o
                0x0000000008005f94                vQueueAddToRegistry
 .text.vQueueWaitForMessageRestricted
                0x0000000008005fe8       0x68 ./Middlewares/Third_Party/FreeRTOS/Source/queue.o
                0x0000000008005fe8                vQueueWaitForMessageRestricted
 .text.xTaskCreateStatic
                0x0000000008006050       0xb8 ./Middlewares/Third_Party/FreeRTOS/Source/tasks.o
                0x0000000008006050                xTaskCreateStatic
 .text.xTaskCreate
                0x0000000008006108       0x8a ./Middlewares/Third_Party/FreeRTOS/Source/tasks.o
                0x0000000008006108                xTaskCreate
 *fill*         0x0000000008006192        0x2 
 .text.prvInitialiseNewTask
                0x0000000008006194      0x12c ./Middlewares/Third_Party/FreeRTOS/Source/tasks.o
 .text.prvAddNewTaskToReadyList
                0x00000000080062c0       0xd4 ./Middlewares/Third_Party/FreeRTOS/Source/tasks.o
 .text.vTaskStartScheduler
                0x0000000008006394       0xe0 ./Middlewares/Third_Party/FreeRTOS/Source/tasks.o
                0x0000000008006394                vTaskStartScheduler
 .text.vTaskSuspendAll
                0x0000000008006474       0x1c ./Middlewares/Third_Party/FreeRTOS/Source/tasks.o
                0x0000000008006474                vTaskSuspendAll
 .text.xTaskResumeAll
                0x0000000008006490      0x138 ./Middlewares/Third_Party/FreeRTOS/Source/tasks.o
                0x0000000008006490                xTaskResumeAll
 .text.xTaskGetTickCount
                0x00000000080065c8       0x20 ./Middlewares/Third_Party/FreeRTOS/Source/tasks.o
                0x00000000080065c8                xTaskGetTickCount
 .text.xTaskIncrementTick
                0x00000000080065e8      0x17c ./Middlewares/Third_Party/FreeRTOS/Source/tasks.o
                0x00000000080065e8                xTaskIncrementTick
 .text.vTaskSwitchContext
                0x0000000008006764       0xc4 ./Middlewares/Third_Party/FreeRTOS/Source/tasks.o
                0x0000000008006764                vTaskSwitchContext
 .text.vTaskPlaceOnEventList
                0x0000000008006828       0x48 ./Middlewares/Third_Party/FreeRTOS/Source/tasks.o
                0x0000000008006828                vTaskPlaceOnEventList
 .text.vTaskPlaceOnEventListRestricted
                0x0000000008006870       0x58 ./Middlewares/Third_Party/FreeRTOS/Source/tasks.o
                0x0000000008006870                vTaskPlaceOnEventListRestricted
 .text.xTaskRemoveFromEventList
                0x00000000080068c8       0xc4 ./Middlewares/Third_Party/FreeRTOS/Source/tasks.o
                0x00000000080068c8                xTaskRemoveFromEventList
 .text.vTaskInternalSetTimeOutState
                0x000000000800698c       0x2c ./Middlewares/Third_Party/FreeRTOS/Source/tasks.o
                0x000000000800698c                vTaskInternalSetTimeOutState
 .text.xTaskCheckForTimeOut
                0x00000000080069b8       0xc4 ./Middlewares/Third_Party/FreeRTOS/Source/tasks.o
                0x00000000080069b8                xTaskCheckForTimeOut
 .text.vTaskMissedYield
                0x0000000008006a7c       0x18 ./Middlewares/Third_Party/FreeRTOS/Source/tasks.o
                0x0000000008006a7c                vTaskMissedYield
 .text.prvIdleTask
                0x0000000008006a94       0x30 ./Middlewares/Third_Party/FreeRTOS/Source/tasks.o
 .text.prvInitialiseTaskLists
                0x0000000008006ac4       0x80 ./Middlewares/Third_Party/FreeRTOS/Source/tasks.o
 .text.prvCheckTasksWaitingTermination
                0x0000000008006b44       0x5c ./Middlewares/Third_Party/FreeRTOS/Source/tasks.o
 .text.prvDeleteTCB
                0x0000000008006ba0       0x68 ./Middlewares/Third_Party/FreeRTOS/Source/tasks.o
 .text.prvResetNextTaskUnblockTime
                0x0000000008006c08       0x4c ./Middlewares/Third_Party/FreeRTOS/Source/tasks.o
 .text.xTaskGetSchedulerState
                0x0000000008006c54       0x3c ./Middlewares/Third_Party/FreeRTOS/Source/tasks.o
                0x0000000008006c54                xTaskGetSchedulerState
 .text.xTaskPriorityDisinherit
                0x0000000008006c90      0x10c ./Middlewares/Third_Party/FreeRTOS/Source/tasks.o
                0x0000000008006c90                xTaskPriorityDisinherit
 .text.xTaskNotifyWait
                0x0000000008006d9c       0xc0 ./Middlewares/Third_Party/FreeRTOS/Source/tasks.o
                0x0000000008006d9c                xTaskNotifyWait
 .text.xTaskGenericNotify
                0x0000000008006e5c      0x154 ./Middlewares/Third_Party/FreeRTOS/Source/tasks.o
                0x0000000008006e5c                xTaskGenericNotify
 .text.xTaskGenericNotifyFromISR
                0x0000000008006fb0      0x1a0 ./Middlewares/Third_Party/FreeRTOS/Source/tasks.o
                0x0000000008006fb0                xTaskGenericNotifyFromISR
 .text.prvAddCurrentTaskToDelayedList
                0x0000000008007150       0xcc ./Middlewares/Third_Party/FreeRTOS/Source/tasks.o
 .text.xTimerCreateTimerTask
                0x000000000800721c       0x90 ./Middlewares/Third_Party/FreeRTOS/Source/timers.o
                0x000000000800721c                xTimerCreateTimerTask
 .text.xTimerCreate
                0x00000000080072ac       0x42 ./Middlewares/Third_Party/FreeRTOS/Source/timers.o
                0x00000000080072ac                xTimerCreate
 .text.prvInitialiseNewTimer
                0x00000000080072ee       0x64 ./Middlewares/Third_Party/FreeRTOS/Source/timers.o
 *fill*         0x0000000008007352        0x2 
 .text.xTimerGenericCommand
                0x0000000008007354       0x9c ./Middlewares/Third_Party/FreeRTOS/Source/timers.o
                0x0000000008007354                xTimerGenericCommand
 .text.prvProcessExpiredTimer
                0x00000000080073f0       0x80 ./Middlewares/Third_Party/FreeRTOS/Source/timers.o
 .text.prvTimerTask
                0x0000000008007470       0x24 ./Middlewares/Third_Party/FreeRTOS/Source/timers.o
 .text.prvProcessTimerOrBlockTask
                0x0000000008007494       0x9c ./Middlewares/Third_Party/FreeRTOS/Source/timers.o
 .text.prvGetNextExpireTime
                0x0000000008007530       0x48 ./Middlewares/Third_Party/FreeRTOS/Source/timers.o
 .text.prvSampleTimeNow
                0x0000000008007578       0x40 ./Middlewares/Third_Party/FreeRTOS/Source/timers.o
 .text.prvInsertTimerInActiveList
                0x00000000080075b8       0x84 ./Middlewares/Third_Party/FreeRTOS/Source/timers.o
 .text.prvProcessReceivedCommands
                0x000000000800763c      0x134 ./Middlewares/Third_Party/FreeRTOS/Source/timers.o
 .text.prvSwitchTimerLists
                0x0000000008007770       0xc4 ./Middlewares/Third_Party/FreeRTOS/Source/timers.o
 .text.prvCheckForValidListAndQueue
                0x0000000008007834       0x80 ./Middlewares/Third_Party/FreeRTOS/Source/timers.o
 .text.pvTimerGetTimerID
                0x00000000080078b4       0x40 ./Middlewares/Third_Party/FreeRTOS/Source/timers.o
                0x00000000080078b4                pvTimerGetTimerID
 .text.pxPortInitialiseStack
                0x00000000080078f4       0x68 ./Middlewares/Third_Party/FreeRTOS/Source/portable/GCC/ARM_CM4F/port.o
                0x00000000080078f4                pxPortInitialiseStack
 .text.prvTaskExitError
                0x000000000800795c       0x58 ./Middlewares/Third_Party/FreeRTOS/Source/portable/GCC/ARM_CM4F/port.o
 *fill*         0x00000000080079b4        0xc 
 .text.SVC_Handler
                0x00000000080079c0       0x28 ./Middlewares/Third_Party/FreeRTOS/Source/portable/GCC/ARM_CM4F/port.o
                0x00000000080079c0                SVC_Handler
 .text.prvPortStartFirstTask
                0x00000000080079e8       0x28 ./Middlewares/Third_Party/FreeRTOS/Source/portable/GCC/ARM_CM4F/port.o
 .text.xPortStartScheduler
                0x0000000008007a10      0x144 ./Middlewares/Third_Party/FreeRTOS/Source/portable/GCC/ARM_CM4F/port.o
                0x0000000008007a10                xPortStartScheduler
 .text.vPortEnterCritical
                0x0000000008007b54       0x60 ./Middlewares/Third_Party/FreeRTOS/Source/portable/GCC/ARM_CM4F/port.o
                0x0000000008007b54                vPortEnterCritical
 .text.vPortExitCritical
                0x0000000008007bb4       0x54 ./Middlewares/Third_Party/FreeRTOS/Source/portable/GCC/ARM_CM4F/port.o
                0x0000000008007bb4                vPortExitCritical
 *fill*         0x0000000008007c08        0x8 
 .text.PendSV_Handler
                0x0000000008007c10       0x68 ./Middlewares/Third_Party/FreeRTOS/Source/portable/GCC/ARM_CM4F/port.o
                0x0000000008007c10                PendSV_Handler
 .text.SysTick_Handler
                0x0000000008007c78       0x44 ./Middlewares/Third_Party/FreeRTOS/Source/portable/GCC/ARM_CM4F/port.o
                0x0000000008007c78                SysTick_Handler
 .text.vPortSetupTimerInterrupt
                0x0000000008007cbc       0x48 ./Middlewares/Third_Party/FreeRTOS/Source/portable/GCC/ARM_CM4F/port.o
                0x0000000008007cbc                vPortSetupTimerInterrupt
 .text.vPortEnableVFP
                0x0000000008007d04       0x14 ./Middlewares/Third_Party/FreeRTOS/Source/portable/GCC/ARM_CM4F/port.o
 .text.vPortValidateInterruptPriority
                0x0000000008007d18       0x80 ./Middlewares/Third_Party/FreeRTOS/Source/portable/GCC/ARM_CM4F/port.o
                0x0000000008007d18                vPortValidateInterruptPriority
 .text.pvPortMalloc
                0x0000000008007d98      0x188 ./Middlewares/Third_Party/FreeRTOS/Source/portable/MemMang/heap_4.o
                0x0000000008007d98                pvPortMalloc
 .text.vPortFree
                0x0000000008007f20       0xb4 ./Middlewares/Third_Party/FreeRTOS/Source/portable/MemMang/heap_4.o
                0x0000000008007f20                vPortFree
 .text.prvHeapInit
                0x0000000008007fd4       0xc4 ./Middlewares/Third_Party/FreeRTOS/Source/portable/MemMang/heap_4.o
 .text.prvInsertBlockIntoFreeList
                0x0000000008008098       0xb4 ./Middlewares/Third_Party/FreeRTOS/Source/portable/MemMang/heap_4.o
 .text.__libc_init_array
                0x000000000800814c       0x48 c:/st/stm32cubeide_1.10.1/stm32cubeide/plugins/com.st.stm32cube.ide.mcu.externaltools.gnu-tools-for-stm32.10.3-2021.10.win32_1.0.100.202210260954/tools/bin/../lib/gcc/arm-none-eabi/10.3.1/../../../../arm-none-eabi/lib/thumb/v7e-m+fp/hard\libc_nano.a(lib_a-init.o)
                0x000000000800814c                __libc_init_array
 .text.__retarget_lock_acquire_recursive
                0x0000000008008194        0x2 c:/st/stm32cubeide_1.10.1/stm32cubeide/plugins/com.st.stm32cube.ide.mcu.externaltools.gnu-tools-for-stm32.10.3-2021.10.win32_1.0.100.202210260954/tools/bin/../lib/gcc/arm-none-eabi/10.3.1/../../../../arm-none-eabi/lib/thumb/v7e-m+fp/hard\libc_nano.a(lib_a-lock.o)
                0x0000000008008194                __retarget_lock_acquire_recursive
 .text.__retarget_lock_release_recursive
                0x0000000008008196        0x2 c:/st/stm32cubeide_1.10.1/stm32cubeide/plugins/com.st.stm32cube.ide.mcu.externaltools.gnu-tools-for-stm32.10.3-2021.10.win32_1.0.100.202210260954/tools/bin/../lib/gcc/arm-none-eabi/10.3.1/../../../../arm-none-eabi/lib/thumb/v7e-m+fp/hard\libc_nano.a(lib_a-lock.o)
                0x0000000008008196                __retarget_lock_release_recursive
 .text.memcpy   0x0000000008008198       0x1c c:/st/stm32cubeide_1.10.1/stm32cubeide/plugins/com.st.stm32cube.ide.mcu.externaltools.gnu-tools-for-stm32.10.3-2021.10.win32_1.0.100.202210260954/tools/bin/../lib/gcc/arm-none-eabi/10.3.1/../../../../arm-none-eabi/lib/thumb/v7e-m+fp/hard\libc_nano.a(lib_a-memcpy-stub.o)
                0x0000000008008198                memcpy
 .text.memset   0x00000000080081b4       0x10 c:/st/stm32cubeide_1.10.1/stm32cubeide/plugins/com.st.stm32cube.ide.mcu.externaltools.gnu-tools-for-stm32.10.3-2021.10.win32_1.0.100.202210260954/tools/bin/../lib/gcc/arm-none-eabi/10.3.1/../../../../arm-none-eabi/lib/thumb/v7e-m+fp/hard\libc_nano.a(lib_a-memset.o)
                0x00000000080081b4                memset
 .text.cleanup_glue
                0x00000000080081c4       0x1a c:/st/stm32cubeide_1.10.1/stm32cubeide/plugins/com.st.stm32cube.ide.mcu.externaltools.gnu-tools-for-stm32.10.3-2021.10.win32_1.0.100.202210260954/tools/bin/../lib/gcc/arm-none-eabi/10.3.1/../../../../arm-none-eabi/lib/thumb/v7e-m+fp/hard\libc_nano.a(lib_a-reent.o)
                0x00000000080081c4                cleanup_glue
 *fill*         0x00000000080081de        0x2 
 .text._reclaim_reent
                0x00000000080081e0       0xb8 c:/st/stm32cubeide_1.10.1/stm32cubeide/plugins/com.st.stm32cube.ide.mcu.externaltools.gnu-tools-for-stm32.10.3-2021.10.win32_1.0.100.202210260954/tools/bin/../lib/gcc/arm-none-eabi/10.3.1/../../../../arm-none-eabi/lib/thumb/v7e-m+fp/hard\libc_nano.a(lib_a-reent.o)
                0x00000000080081e0                _reclaim_reent
 .text.__malloc_lock
                0x0000000008008298        0xc c:/st/stm32cubeide_1.10.1/stm32cubeide/plugins/com.st.stm32cube.ide.mcu.externaltools.gnu-tools-for-stm32.10.3-2021.10.win32_1.0.100.202210260954/tools/bin/../lib/gcc/arm-none-eabi/10.3.1/../../../../arm-none-eabi/lib/thumb/v7e-m+fp/hard\libc_nano.a(lib_a-mlock.o)
                0x0000000008008298                __malloc_lock
 .text.__malloc_unlock
                0x00000000080082a4        0xc c:/st/stm32cubeide_1.10.1/stm32cubeide/plugins/com.st.stm32cube.ide.mcu.externaltools.gnu-tools-for-stm32.10.3-2021.10.win32_1.0.100.202210260954/tools/bin/../lib/gcc/arm-none-eabi/10.3.1/../../../../arm-none-eabi/lib/thumb/v7e-m+fp/hard\libc_nano.a(lib_a-mlock.o)
                0x00000000080082a4                __malloc_unlock
 .text._free_r  0x00000000080082b0       0x98 c:/st/stm32cubeide_1.10.1/stm32cubeide/plugins/com.st.stm32cube.ide.mcu.externaltools.gnu-tools-for-stm32.10.3-2021.10.win32_1.0.100.202210260954/tools/bin/../lib/gcc/arm-none-eabi/10.3.1/../../../../arm-none-eabi/lib/thumb/v7e-m+fp/hard\libc_nano.a(lib_a-nano-freer.o)
                0x00000000080082b0                _free_r
 *(.glue_7)
 .glue_7        0x0000000008008348        0x0 linker stubs
 *(.glue_7t)
 .glue_7t       0x0000000008008348        0x0 linker stubs
 *(.eh_frame)
 .eh_frame      0x0000000008008348        0x0 c:/st/stm32cubeide_1.10.1/stm32cubeide/plugins/com.st.stm32cube.ide.mcu.externaltools.gnu-tools-for-stm32.10.3-2021.10.win32_1.0.100.202210260954/tools/bin/../lib/gcc/arm-none-eabi/10.3.1/thumb/v7e-m+fp/hard/crtbegin.o
 *(.init)
 .init          0x0000000008008348        0x4 c:/st/stm32cubeide_1.10.1/stm32cubeide/plugins/com.st.stm32cube.ide.mcu.externaltools.gnu-tools-for-stm32.10.3-2021.10.win32_1.0.100.202210260954/tools/bin/../lib/gcc/arm-none-eabi/10.3.1/thumb/v7e-m+fp/hard/crti.o
                0x0000000008008348                _init
 .init          0x000000000800834c        0x8 c:/st/stm32cubeide_1.10.1/stm32cubeide/plugins/com.st.stm32cube.ide.mcu.externaltools.gnu-tools-for-stm32.10.3-2021.10.win32_1.0.100.202210260954/tools/bin/../lib/gcc/arm-none-eabi/10.3.1/thumb/v7e-m+fp/hard/crtn.o
 *(.fini)
 .fini          0x0000000008008354        0x4 c:/st/stm32cubeide_1.10.1/stm32cubeide/plugins/com.st.stm32cube.ide.mcu.externaltools.gnu-tools-for-stm32.10.3-2021.10.win32_1.0.100.202210260954/tools/bin/../lib/gcc/arm-none-eabi/10.3.1/thumb/v7e-m+fp/hard/crti.o
                0x0000000008008354                _fini
 .fini          0x0000000008008358        0x8 c:/st/stm32cubeide_1.10.1/stm32cubeide/plugins/com.st.stm32cube.ide.mcu.externaltools.gnu-tools-for-stm32.10.3-2021.10.win32_1.0.100.202210260954/tools/bin/../lib/gcc/arm-none-eabi/10.3.1/thumb/v7e-m+fp/hard/crtn.o
                0x0000000008008360                . = ALIGN (0x4)
                0x0000000008008360                _etext = .

.vfp11_veneer   0x0000000008008360        0x0
 .vfp11_veneer  0x0000000008008360        0x0 linker stubs

.v4_bx          0x0000000008008360        0x0
 .v4_bx         0x0000000008008360        0x0 linker stubs

.iplt           0x0000000008008360        0x0
 .iplt          0x0000000008008360        0x0 c:/st/stm32cubeide_1.10.1/stm32cubeide/plugins/com.st.stm32cube.ide.mcu.externaltools.gnu-tools-for-stm32.10.3-2021.10.win32_1.0.100.202210260954/tools/bin/../lib/gcc/arm-none-eabi/10.3.1/thumb/v7e-m+fp/hard/crtbegin.o

.rodata         0x0000000008008360      0x23c
                0x0000000008008360                . = ALIGN (0x4)
 *(.rodata)
 .rodata        0x0000000008008360       0x3a ./Core/Src/main.o
 *fill*         0x000000000800839a        0x2 
 .rodata        0x000000000800839c      0x14f ./Core/Src/task_handler.o
 *fill*         0x00000000080084eb        0x1 
 .rodata        0x00000000080084ec        0x5 ./Middlewares/Third_Party/FreeRTOS/Source/tasks.o
 *fill*         0x00000000080084f1        0x3 
 .rodata        0x00000000080084f4        0xd ./Middlewares/Third_Party/FreeRTOS/Source/timers.o
 *(.rodata*)
 *fill*         0x0000000008008501        0x3 
 .rodata.AHBPrescTable
                0x0000000008008504       0x10 ./Core/Src/system_stm32f3xx.o
                0x0000000008008504                AHBPrescTable
 .rodata.APBPrescTable
                0x0000000008008514        0x8 ./Core/Src/system_stm32f3xx.o
                0x0000000008008514                APBPrescTable
 .rodata.aPLLMULFactorTable
                0x000000000800851c       0x10 ./Drivers/STM32F3xx_HAL_Driver/Src/stm32f3xx_hal_rcc.o
                0x000000000800851c                aPLLMULFactorTable
 .rodata.aPredivFactorTable
                0x000000000800852c       0x10 ./Drivers/STM32F3xx_HAL_Driver/Src/stm32f3xx_hal_rcc.o
                0x000000000800852c                aPredivFactorTable
 .rodata.__sf_fake_stderr
                0x000000000800853c       0x20 c:/st/stm32cubeide_1.10.1/stm32cubeide/plugins/com.st.stm32cube.ide.mcu.externaltools.gnu-tools-for-stm32.10.3-2021.10.win32_1.0.100.202210260954/tools/bin/../lib/gcc/arm-none-eabi/10.3.1/../../../../arm-none-eabi/lib/thumb/v7e-m+fp/hard\libc_nano.a(lib_a-findfp.o)
                0x000000000800853c                __sf_fake_stderr
 .rodata.__sf_fake_stdin
                0x000000000800855c       0x20 c:/st/stm32cubeide_1.10.1/stm32cubeide/plugins/com.st.stm32cube.ide.mcu.externaltools.gnu-tools-for-stm32.10.3-2021.10.win32_1.0.100.202210260954/tools/bin/../lib/gcc/arm-none-eabi/10.3.1/../../../../arm-none-eabi/lib/thumb/v7e-m+fp/hard\libc_nano.a(lib_a-findfp.o)
                0x000000000800855c                __sf_fake_stdin
 .rodata.__sf_fake_stdout
                0x000000000800857c       0x20 c:/st/stm32cubeide_1.10.1/stm32cubeide/plugins/com.st.stm32cube.ide.mcu.externaltools.gnu-tools-for-stm32.10.3-2021.10.win32_1.0.100.202210260954/tools/bin/../lib/gcc/arm-none-eabi/10.3.1/../../../../arm-none-eabi/lib/thumb/v7e-m+fp/hard\libc_nano.a(lib_a-findfp.o)
                0x000000000800857c                __sf_fake_stdout
                0x000000000800859c                . = ALIGN (0x4)

.rel.dyn        0x000000000800859c        0x0
 .rel.iplt      0x000000000800859c        0x0 c:/st/stm32cubeide_1.10.1/stm32cubeide/plugins/com.st.stm32cube.ide.mcu.externaltools.gnu-tools-for-stm32.10.3-2021.10.win32_1.0.100.202210260954/tools/bin/../lib/gcc/arm-none-eabi/10.3.1/thumb/v7e-m+fp/hard/crtbegin.o

.ARM.extab      0x000000000800859c        0x0
                0x000000000800859c                . = ALIGN (0x4)
 *(.ARM.extab* .gnu.linkonce.armextab.*)
                0x000000000800859c                . = ALIGN (0x4)

.ARM            0x000000000800859c        0x0
                0x000000000800859c                . = ALIGN (0x4)
                0x000000000800859c                __exidx_start = .
 *(.ARM.exidx*)
                0x000000000800859c                __exidx_end = .
                0x000000000800859c                . = ALIGN (0x4)

.preinit_array  0x000000000800859c        0x0
                0x000000000800859c                . = ALIGN (0x4)
                0x000000000800859c                PROVIDE (__preinit_array_start = .)
 *(.preinit_array*)
                0x000000000800859c                PROVIDE (__preinit_array_end = .)
                0x000000000800859c                . = ALIGN (0x4)

.init_array     0x000000000800859c        0x4
                0x000000000800859c                . = ALIGN (0x4)
                0x000000000800859c                PROVIDE (__init_array_start = .)
 *(SORT_BY_NAME(.init_array.*))
 *(.init_array*)
 .init_array    0x000000000800859c        0x4 c:/st/stm32cubeide_1.10.1/stm32cubeide/plugins/com.st.stm32cube.ide.mcu.externaltools.gnu-tools-for-stm32.10.3-2021.10.win32_1.0.100.202210260954/tools/bin/../lib/gcc/arm-none-eabi/10.3.1/thumb/v7e-m+fp/hard/crtbegin.o
                0x00000000080085a0                PROVIDE (__init_array_end = .)
                0x00000000080085a0                . = ALIGN (0x4)

.fini_array     0x00000000080085a0        0x4
                0x00000000080085a0                . = ALIGN (0x4)
                [!provide]                        PROVIDE (__fini_array_start = .)
 *(SORT_BY_NAME(.fini_array.*))
 *(.fini_array*)
 .fini_array    0x00000000080085a0        0x4 c:/st/stm32cubeide_1.10.1/stm32cubeide/plugins/com.st.stm32cube.ide.mcu.externaltools.gnu-tools-for-stm32.10.3-2021.10.win32_1.0.100.202210260954/tools/bin/../lib/gcc/arm-none-eabi/10.3.1/thumb/v7e-m+fp/hard/crtbegin.o
                [!provide]                        PROVIDE (__fini_array_end = .)
                0x00000000080085a4                . = ALIGN (0x4)
                0x00000000080085a4                _sidata = LOADADDR (.data)

.data           0x0000000020000000       0x80 load address 0x00000000080085a4
                0x0000000020000000                . = ALIGN (0x4)
                0x0000000020000000                _sdata = .
 *(.data)
 *(.data*)
 .data.flag.1   0x0000000020000000        0x4 ./Core/Src/led_effects.o
 .data.flag.0   0x0000000020000004        0x4 ./Core/Src/led_effects.o
 .data.SystemCoreClock
                0x0000000020000008        0x4 ./Core/Src/system_stm32f3xx.o
                0x0000000020000008                SystemCoreClock
 .data.msg_inv  0x000000002000000c        0x4 ./Core/Src/task_handler.o
                0x000000002000000c                msg_inv
 .data.uwTickPrio
                0x0000000020000010        0x4 ./Drivers/STM32F3xx_HAL_Driver/Src/stm32f3xx_hal.o
                0x0000000020000010                uwTickPrio
 .data.uwTickFreq
                0x0000000020000014        0x1 ./Drivers/STM32F3xx_HAL_Driver/Src/stm32f3xx_hal.o
                0x0000000020000014                uwTickFreq
 *fill*         0x0000000020000015        0x3 
 .data.uxCriticalNesting
                0x0000000020000018        0x4 ./Middlewares/Third_Party/FreeRTOS/Source/portable/GCC/ARM_CM4F/port.o
 .data._impure_ptr
                0x000000002000001c        0x4 c:/st/stm32cubeide_1.10.1/stm32cubeide/plugins/com.st.stm32cube.ide.mcu.externaltools.gnu-tools-for-stm32.10.3-2021.10.win32_1.0.100.202210260954/tools/bin/../lib/gcc/arm-none-eabi/10.3.1/../../../../arm-none-eabi/lib/thumb/v7e-m+fp/hard\libc_nano.a(lib_a-impure.o)
                0x000000002000001c                _impure_ptr
 .data.impure_data
                0x0000000020000020       0x60 c:/st/stm32cubeide_1.10.1/stm32cubeide/plugins/com.st.stm32cube.ide.mcu.externaltools.gnu-tools-for-stm32.10.3-2021.10.win32_1.0.100.202210260954/tools/bin/../lib/gcc/arm-none-eabi/10.3.1/../../../../arm-none-eabi/lib/thumb/v7e-m+fp/hard\libc_nano.a(lib_a-impure.o)
 *(.RamFunc)
 *(.RamFunc*)
                0x0000000020000080                . = ALIGN (0x4)
                0x0000000020000080                _edata = .
                0x0000000008008624                _siccmram = LOADADDR (.ccmram)

.igot.plt       0x0000000020000080        0x0 load address 0x0000000008008624
 .igot.plt      0x0000000020000080        0x0 c:/st/stm32cubeide_1.10.1/stm32cubeide/plugins/com.st.stm32cube.ide.mcu.externaltools.gnu-tools-for-stm32.10.3-2021.10.win32_1.0.100.202210260954/tools/bin/../lib/gcc/arm-none-eabi/10.3.1/thumb/v7e-m+fp/hard/crtbegin.o

.ccmram         0x0000000010000000        0x0 load address 0x0000000008008624
                0x0000000010000000                . = ALIGN (0x4)
                0x0000000010000000                _sccmram = .
 *(.ccmram)
 *(.ccmram*)
                0x0000000010000000                . = ALIGN (0x4)
                0x0000000010000000                _eccmram = .
                0x0000000010000000                . = ALIGN (0x4)

.bss            0x0000000020000080     0x26d4
                0x0000000020000080                _sbss = .
                0x0000000020000080                __bss_start__ = _sbss
 *(.bss)
 .bss           0x0000000020000080       0x1c c:/st/stm32cubeide_1.10.1/stm32cubeide/plugins/com.st.stm32cube.ide.mcu.externaltools.gnu-tools-for-stm32.10.3-2021.10.win32_1.0.100.202210260954/tools/bin/../lib/gcc/arm-none-eabi/10.3.1/thumb/v7e-m+fp/hard/crtbegin.o
 *(.bss*)
 .bss.xIdleTaskTCBBuffer
                0x000000002000009c       0xb4 ./Core/Src/freertos.o
 .bss.xIdleStack
                0x0000000020000150      0x200 ./Core/Src/freertos.o
 .bss.xTimerTaskTCBBuffer
                0x0000000020000350       0xb4 ./Core/Src/freertos.o
 .bss.xTimerStack
                0x0000000020000404      0x400 ./Core/Src/freertos.o
 .bss.hi2c1     0x0000000020000804       0x4c ./Core/Src/i2c.o
                0x0000000020000804                hi2c1
 .bss.handle_menu_task
                0x0000000020000850        0x4 ./Core/Src/main.o
                0x0000000020000850                handle_menu_task
 .bss.handle_cmd_task
                0x0000000020000854        0x4 ./Core/Src/main.o
                0x0000000020000854                handle_cmd_task
 .bss.handle_print_task
                0x0000000020000858        0x4 ./Core/Src/main.o
                0x0000000020000858                handle_print_task
 .bss.handle_led_task
                0x000000002000085c        0x4 ./Core/Src/main.o
                0x000000002000085c                handle_led_task
 .bss.handle_rtc_task
                0x0000000020000860        0x4 ./Core/Src/main.o
                0x0000000020000860                handle_rtc_task
 .bss.q_data    0x0000000020000864        0x4 ./Core/Src/main.o
                0x0000000020000864                q_data
 .bss.q_print   0x0000000020000868        0x4 ./Core/Src/main.o
                0x0000000020000868                q_print
 .bss.user_data
                0x000000002000086c        0x1 ./Core/Src/main.o
                0x000000002000086c                user_data
 .bss.curr_state
                0x000000002000086d        0x1 ./Core/Src/main.o
                0x000000002000086d                curr_state
 *fill*         0x000000002000086e        0x2 
 .bss.handle_led_timer
                0x0000000020000870       0x10 ./Core/Src/main.o
                0x0000000020000870                handle_led_timer
 .bss.hrtc      0x0000000020000880       0x20 ./Core/Src/rtc.o
                0x0000000020000880                hrtc
 .bss.hspi1     0x00000000200008a0       0x64 ./Core/Src/spi.o
                0x00000000200008a0                hspi1
 .bss.htim6     0x0000000020000904       0x4c ./Core/Src/stm32f3xx_hal_timebase_tim.o
                0x0000000020000904                htim6
 .bss.huart2    0x0000000020000950       0x84 ./Core/Src/usart.o
                0x0000000020000950                huart2
 .bss.hpcd_USB_FS
                0x00000000200009d4      0x2ec ./Core/Src/usb.o
                0x00000000200009d4                hpcd_USB_FS
 .bss.uwTick    0x0000000020000cc0        0x4 ./Drivers/STM32F3xx_HAL_Driver/Src/stm32f3xx_hal.o
                0x0000000020000cc0                uwTick
 .bss.xQueueRegistry
                0x0000000020000cc4       0x40 ./Middlewares/Third_Party/FreeRTOS/Source/queue.o
                0x0000000020000cc4                xQueueRegistry
 .bss.pxCurrentTCB
                0x0000000020000d04        0x4 ./Middlewares/Third_Party/FreeRTOS/Source/tasks.o
                0x0000000020000d04                pxCurrentTCB
 .bss.pxReadyTasksLists
                0x0000000020000d08       0x8c ./Middlewares/Third_Party/FreeRTOS/Source/tasks.o
 .bss.xDelayedTaskList1
                0x0000000020000d94       0x14 ./Middlewares/Third_Party/FreeRTOS/Source/tasks.o
 .bss.xDelayedTaskList2
                0x0000000020000da8       0x14 ./Middlewares/Third_Party/FreeRTOS/Source/tasks.o
 .bss.pxDelayedTaskList
                0x0000000020000dbc        0x4 ./Middlewares/Third_Party/FreeRTOS/Source/tasks.o
 .bss.pxOverflowDelayedTaskList
                0x0000000020000dc0        0x4 ./Middlewares/Third_Party/FreeRTOS/Source/tasks.o
 .bss.xPendingReadyList
                0x0000000020000dc4       0x14 ./Middlewares/Third_Party/FreeRTOS/Source/tasks.o
 .bss.xTasksWaitingTermination
                0x0000000020000dd8       0x14 ./Middlewares/Third_Party/FreeRTOS/Source/tasks.o
 .bss.uxDeletedTasksWaitingCleanUp
                0x0000000020000dec        0x4 ./Middlewares/Third_Party/FreeRTOS/Source/tasks.o
 .bss.xSuspendedTaskList
                0x0000000020000df0       0x14 ./Middlewares/Third_Party/FreeRTOS/Source/tasks.o
 .bss.uxCurrentNumberOfTasks
                0x0000000020000e04        0x4 ./Middlewares/Third_Party/FreeRTOS/Source/tasks.o
 .bss.xTickCount
                0x0000000020000e08        0x4 ./Middlewares/Third_Party/FreeRTOS/Source/tasks.o
 .bss.uxTopReadyPriority
                0x0000000020000e0c        0x4 ./Middlewares/Third_Party/FreeRTOS/Source/tasks.o
 .bss.xSchedulerRunning
                0x0000000020000e10        0x4 ./Middlewares/Third_Party/FreeRTOS/Source/tasks.o
 .bss.uxPendedTicks
                0x0000000020000e14        0x4 ./Middlewares/Third_Party/FreeRTOS/Source/tasks.o
 .bss.xYieldPending
                0x0000000020000e18        0x4 ./Middlewares/Third_Party/FreeRTOS/Source/tasks.o
 .bss.xNumOfOverflows
                0x0000000020000e1c        0x4 ./Middlewares/Third_Party/FreeRTOS/Source/tasks.o
 .bss.uxTaskNumber
                0x0000000020000e20        0x4 ./Middlewares/Third_Party/FreeRTOS/Source/tasks.o
 .bss.xNextTaskUnblockTime
                0x0000000020000e24        0x4 ./Middlewares/Third_Party/FreeRTOS/Source/tasks.o
 .bss.xIdleTaskHandle
                0x0000000020000e28        0x4 ./Middlewares/Third_Party/FreeRTOS/Source/tasks.o
 .bss.uxSchedulerSuspended
                0x0000000020000e2c        0x4 ./Middlewares/Third_Party/FreeRTOS/Source/tasks.o
 .bss.xActiveTimerList1
                0x0000000020000e30       0x14 ./Middlewares/Third_Party/FreeRTOS/Source/timers.o
 .bss.xActiveTimerList2
                0x0000000020000e44       0x14 ./Middlewares/Third_Party/FreeRTOS/Source/timers.o
 .bss.pxCurrentTimerList
                0x0000000020000e58        0x4 ./Middlewares/Third_Party/FreeRTOS/Source/timers.o
 .bss.pxOverflowTimerList
                0x0000000020000e5c        0x4 ./Middlewares/Third_Party/FreeRTOS/Source/timers.o
 .bss.xTimerQueue
                0x0000000020000e60        0x4 ./Middlewares/Third_Party/FreeRTOS/Source/timers.o
 .bss.xTimerTaskHandle
                0x0000000020000e64        0x4 ./Middlewares/Third_Party/FreeRTOS/Source/timers.o
 .bss.xLastTime.2
                0x0000000020000e68        0x4 ./Middlewares/Third_Party/FreeRTOS/Source/timers.o
 .bss.ucStaticTimerQueueStorage.1
                0x0000000020000e6c       0x78 ./Middlewares/Third_Party/FreeRTOS/Source/timers.o
 .bss.xStaticTimerQueue.0
                0x0000000020000ee4       0x48 ./Middlewares/Third_Party/FreeRTOS/Source/timers.o
 .bss.ucMaxSysCallPriority
                0x0000000020000f2c        0x1 ./Middlewares/Third_Party/FreeRTOS/Source/portable/GCC/ARM_CM4F/port.o
 *fill*         0x0000000020000f2d        0x3 
 .bss.ulMaxPRIGROUPValue
                0x0000000020000f30        0x4 ./Middlewares/Third_Party/FreeRTOS/Source/portable/GCC/ARM_CM4F/port.o
 .bss.ucHeap    0x0000000020000f34     0x1800 ./Middlewares/Third_Party/FreeRTOS/Source/portable/MemMang/heap_4.o
 .bss.xStart    0x0000000020002734        0x8 ./Middlewares/Third_Party/FreeRTOS/Source/portable/MemMang/heap_4.o
 .bss.pxEnd     0x000000002000273c        0x4 ./Middlewares/Third_Party/FreeRTOS/Source/portable/MemMang/heap_4.o
 .bss.xFreeBytesRemaining
                0x0000000020002740        0x4 ./Middlewares/Third_Party/FreeRTOS/Source/portable/MemMang/heap_4.o
 .bss.xMinimumEverFreeBytesRemaining
                0x0000000020002744        0x4 ./Middlewares/Third_Party/FreeRTOS/Source/portable/MemMang/heap_4.o
 .bss.xBlockAllocatedBit
                0x0000000020002748        0x4 ./Middlewares/Third_Party/FreeRTOS/Source/portable/MemMang/heap_4.o
 .bss.__lock___malloc_recursive_mutex
                0x000000002000274c        0x1 c:/st/stm32cubeide_1.10.1/stm32cubeide/plugins/com.st.stm32cube.ide.mcu.externaltools.gnu-tools-for-stm32.10.3-2021.10.win32_1.0.100.202210260954/tools/bin/../lib/gcc/arm-none-eabi/10.3.1/../../../../arm-none-eabi/lib/thumb/v7e-m+fp/hard\libc_nano.a(lib_a-lock.o)
                0x000000002000274c                __lock___malloc_recursive_mutex
 *fill*         0x000000002000274d        0x3 
 .bss.__malloc_free_list
                0x0000000020002750        0x4 c:/st/stm32cubeide_1.10.1/stm32cubeide/plugins/com.st.stm32cube.ide.mcu.externaltools.gnu-tools-for-stm32.10.3-2021.10.win32_1.0.100.202210260954/tools/bin/../lib/gcc/arm-none-eabi/10.3.1/../../../../arm-none-eabi/lib/thumb/v7e-m+fp/hard\libc_nano.a(lib_a-nano-mallocr.o)
                0x0000000020002750                __malloc_free_list
 *(COMMON)
                0x0000000020002754                . = ALIGN (0x4)
                0x0000000020002754                _ebss = .
                0x0000000020002754                __bss_end__ = _ebss

._user_heap_stack
                0x0000000020002754      0x604
                0x0000000020002758                . = ALIGN (0x8)
 *fill*         0x0000000020002754        0x4 
                [!provide]                        PROVIDE (end = .)
                0x0000000020002758                PROVIDE (_end = .)
                0x0000000020002958                . = (. + _Min_Heap_Size)
 *fill*         0x0000000020002758      0x200 
                0x0000000020002d58                . = (. + _Min_Stack_Size)
 *fill*         0x0000000020002958      0x400 
                0x0000000020002d58                . = ALIGN (0x8)

/DISCARD/
 libc.a(*)
 libm.a(*)
 libgcc.a(*)

.ARM.attributes
                0x0000000000000000       0x30
 *(.ARM.attributes)
 .ARM.attributes
                0x0000000000000000       0x1e c:/st/stm32cubeide_1.10.1/stm32cubeide/plugins/com.st.stm32cube.ide.mcu.externaltools.gnu-tools-for-stm32.10.3-2021.10.win32_1.0.100.202210260954/tools/bin/../lib/gcc/arm-none-eabi/10.3.1/thumb/v7e-m+fp/hard/crti.o
 .ARM.attributes
                0x000000000000001e       0x34 c:/st/stm32cubeide_1.10.1/stm32cubeide/plugins/com.st.stm32cube.ide.mcu.externaltools.gnu-tools-for-stm32.10.3-2021.10.win32_1.0.100.202210260954/tools/bin/../lib/gcc/arm-none-eabi/10.3.1/thumb/v7e-m+fp/hard/crtbegin.o
 .ARM.attributes
                0x0000000000000052       0x34 ./Core/Src/freertos.o
 .ARM.attributes
                0x0000000000000086       0x34 ./Core/Src/gpio.o
 .ARM.attributes
                0x00000000000000ba       0x34 ./Core/Src/i2c.o
 .ARM.attributes
                0x00000000000000ee       0x34 ./Core/Src/led_effects.o
 .ARM.attributes
                0x0000000000000122       0x34 ./Core/Src/main.o
 .ARM.attributes
                0x0000000000000156       0x34 ./Core/Src/rtc.o
 .ARM.attributes
                0x000000000000018a       0x34 ./Core/Src/spi.o
 .ARM.attributes
                0x00000000000001be       0x34 ./Core/Src/stm32f3xx_hal_msp.o
 .ARM.attributes
                0x00000000000001f2       0x34 ./Core/Src/stm32f3xx_hal_timebase_tim.o
 .ARM.attributes
                0x0000000000000226       0x34 ./Core/Src/stm32f3xx_it.o
 .ARM.attributes
                0x000000000000025a       0x34 ./Core/Src/system_stm32f3xx.o
 .ARM.attributes
                0x000000000000028e       0x34 ./Core/Src/task_handler.o
 .ARM.attributes
                0x00000000000002c2       0x34 ./Core/Src/usart.o
 .ARM.attributes
                0x00000000000002f6       0x34 ./Core/Src/usb.o
 .ARM.attributes
                0x000000000000032a       0x21 ./Core/Startup/startup_stm32f303vctx.o
 .ARM.attributes
                0x000000000000034b       0x34 ./Drivers/STM32F3xx_HAL_Driver/Src/stm32f3xx_hal.o
 .ARM.attributes
                0x000000000000037f       0x34 ./Drivers/STM32F3xx_HAL_Driver/Src/stm32f3xx_hal_cortex.o
 .ARM.attributes
                0x00000000000003b3       0x34 ./Drivers/STM32F3xx_HAL_Driver/Src/stm32f3xx_hal_dma.o
 .ARM.attributes
                0x00000000000003e7       0x34 ./Drivers/STM32F3xx_HAL_Driver/Src/stm32f3xx_hal_gpio.o
 .ARM.attributes
                0x000000000000041b       0x34 ./Drivers/STM32F3xx_HAL_Driver/Src/stm32f3xx_hal_i2c.o
 .ARM.attributes
                0x000000000000044f       0x34 ./Drivers/STM32F3xx_HAL_Driver/Src/stm32f3xx_hal_i2c_ex.o
 .ARM.attributes
                0x0000000000000483       0x34 ./Drivers/STM32F3xx_HAL_Driver/Src/stm32f3xx_hal_pcd.o
 .ARM.attributes
                0x00000000000004b7       0x34 ./Drivers/STM32F3xx_HAL_Driver/Src/stm32f3xx_hal_rcc.o
 .ARM.attributes
                0x00000000000004eb       0x34 ./Drivers/STM32F3xx_HAL_Driver/Src/stm32f3xx_hal_rcc_ex.o
 .ARM.attributes
                0x000000000000051f       0x34 ./Drivers/STM32F3xx_HAL_Driver/Src/stm32f3xx_hal_rtc.o
 .ARM.attributes
                0x0000000000000553       0x34 ./Drivers/STM32F3xx_HAL_Driver/Src/stm32f3xx_hal_spi.o
 .ARM.attributes
                0x0000000000000587       0x34 ./Drivers/STM32F3xx_HAL_Driver/Src/stm32f3xx_hal_tim.o
 .ARM.attributes
                0x00000000000005bb       0x34 ./Drivers/STM32F3xx_HAL_Driver/Src/stm32f3xx_hal_tim_ex.o
 .ARM.attributes
                0x00000000000005ef       0x34 ./Drivers/STM32F3xx_HAL_Driver/Src/stm32f3xx_hal_uart.o
 .ARM.attributes
                0x0000000000000623       0x34 ./Drivers/STM32F3xx_HAL_Driver/Src/stm32f3xx_hal_uart_ex.o
 .ARM.attributes
                0x0000000000000657       0x34 ./Drivers/STM32F3xx_HAL_Driver/Src/stm32f3xx_ll_usb.o
 .ARM.attributes
                0x000000000000068b       0x34 ./Middlewares/Third_Party/FreeRTOS/Source/CMSIS_RTOS/cmsis_os.o
 .ARM.attributes
                0x00000000000006bf       0x34 ./Middlewares/Third_Party/FreeRTOS/Source/list.o
 .ARM.attributes
                0x00000000000006f3       0x34 ./Middlewares/Third_Party/FreeRTOS/Source/queue.o
 .ARM.attributes
                0x0000000000000727       0x34 ./Middlewares/Third_Party/FreeRTOS/Source/tasks.o
 .ARM.attributes
                0x000000000000075b       0x34 ./Middlewares/Third_Party/FreeRTOS/Source/timers.o
 .ARM.attributes
                0x000000000000078f       0x34 ./Middlewares/Third_Party/FreeRTOS/Source/portable/GCC/ARM_CM4F/port.o
 .ARM.attributes
                0x00000000000007c3       0x34 ./Middlewares/Third_Party/FreeRTOS/Source/portable/MemMang/heap_4.o
 .ARM.attributes
                0x00000000000007f7       0x34 c:/st/stm32cubeide_1.10.1/stm32cubeide/plugins/com.st.stm32cube.ide.mcu.externaltools.gnu-tools-for-stm32.10.3-2021.10.win32_1.0.100.202210260954/tools/bin/../lib/gcc/arm-none-eabi/10.3.1/../../../../arm-none-eabi/lib/thumb/v7e-m+fp/hard\libc_nano.a(lib_a-findfp.o)
 .ARM.attributes
                0x000000000000082b       0x34 c:/st/stm32cubeide_1.10.1/stm32cubeide/plugins/com.st.stm32cube.ide.mcu.externaltools.gnu-tools-for-stm32.10.3-2021.10.win32_1.0.100.202210260954/tools/bin/../lib/gcc/arm-none-eabi/10.3.1/../../../../arm-none-eabi/lib/thumb/v7e-m+fp/hard\libc_nano.a(lib_a-impure.o)
 .ARM.attributes
                0x000000000000085f       0x34 c:/st/stm32cubeide_1.10.1/stm32cubeide/plugins/com.st.stm32cube.ide.mcu.externaltools.gnu-tools-for-stm32.10.3-2021.10.win32_1.0.100.202210260954/tools/bin/../lib/gcc/arm-none-eabi/10.3.1/../../../../arm-none-eabi/lib/thumb/v7e-m+fp/hard\libc_nano.a(lib_a-init.o)
 .ARM.attributes
                0x0000000000000893       0x34 c:/st/stm32cubeide_1.10.1/stm32cubeide/plugins/com.st.stm32cube.ide.mcu.externaltools.gnu-tools-for-stm32.10.3-2021.10.win32_1.0.100.202210260954/tools/bin/../lib/gcc/arm-none-eabi/10.3.1/../../../../arm-none-eabi/lib/thumb/v7e-m+fp/hard\libc_nano.a(lib_a-lock.o)
 .ARM.attributes
                0x00000000000008c7       0x34 c:/st/stm32cubeide_1.10.1/stm32cubeide/plugins/com.st.stm32cube.ide.mcu.externaltools.gnu-tools-for-stm32.10.3-2021.10.win32_1.0.100.202210260954/tools/bin/../lib/gcc/arm-none-eabi/10.3.1/../../../../arm-none-eabi/lib/thumb/v7e-m+fp/hard\libc_nano.a(lib_a-memcpy-stub.o)
 .ARM.attributes
                0x00000000000008fb       0x34 c:/st/stm32cubeide_1.10.1/stm32cubeide/plugins/com.st.stm32cube.ide.mcu.externaltools.gnu-tools-for-stm32.10.3-2021.10.win32_1.0.100.202210260954/tools/bin/../lib/gcc/arm-none-eabi/10.3.1/../../../../arm-none-eabi/lib/thumb/v7e-m+fp/hard\libc_nano.a(lib_a-memset.o)
 .ARM.attributes
                0x000000000000092f       0x34 c:/st/stm32cubeide_1.10.1/stm32cubeide/plugins/com.st.stm32cube.ide.mcu.externaltools.gnu-tools-for-stm32.10.3-2021.10.win32_1.0.100.202210260954/tools/bin/../lib/gcc/arm-none-eabi/10.3.1/../../../../arm-none-eabi/lib/thumb/v7e-m+fp/hard\libc_nano.a(lib_a-nano-mallocr.o)
 .ARM.attributes
                0x0000000000000963       0x34 c:/st/stm32cubeide_1.10.1/stm32cubeide/plugins/com.st.stm32cube.ide.mcu.externaltools.gnu-tools-for-stm32.10.3-2021.10.win32_1.0.100.202210260954/tools/bin/../lib/gcc/arm-none-eabi/10.3.1/../../../../arm-none-eabi/lib/thumb/v7e-m+fp/hard\libc_nano.a(lib_a-reent.o)
 .ARM.attributes
                0x0000000000000997       0x1c c:/st/stm32cubeide_1.10.1/stm32cubeide/plugins/com.st.stm32cube.ide.mcu.externaltools.gnu-tools-for-stm32.10.3-2021.10.win32_1.0.100.202210260954/tools/bin/../lib/gcc/arm-none-eabi/10.3.1/../../../../arm-none-eabi/lib/thumb/v7e-m+fp/hard\libc_nano.a(lib_a-strcmp.o)
 .ARM.attributes
                0x00000000000009b3       0x17 c:/st/stm32cubeide_1.10.1/stm32cubeide/plugins/com.st.stm32cube.ide.mcu.externaltools.gnu-tools-for-stm32.10.3-2021.10.win32_1.0.100.202210260954/tools/bin/../lib/gcc/arm-none-eabi/10.3.1/../../../../arm-none-eabi/lib/thumb/v7e-m+fp/hard\libc_nano.a(lib_a-strlen.o)
 .ARM.attributes
                0x00000000000009ca       0x34 c:/st/stm32cubeide_1.10.1/stm32cubeide/plugins/com.st.stm32cube.ide.mcu.externaltools.gnu-tools-for-stm32.10.3-2021.10.win32_1.0.100.202210260954/tools/bin/../lib/gcc/arm-none-eabi/10.3.1/../../../../arm-none-eabi/lib/thumb/v7e-m+fp/hard\libc_nano.a(lib_a-mlock.o)
 .ARM.attributes
                0x00000000000009fe       0x34 c:/st/stm32cubeide_1.10.1/stm32cubeide/plugins/com.st.stm32cube.ide.mcu.externaltools.gnu-tools-for-stm32.10.3-2021.10.win32_1.0.100.202210260954/tools/bin/../lib/gcc/arm-none-eabi/10.3.1/../../../../arm-none-eabi/lib/thumb/v7e-m+fp/hard\libc_nano.a(lib_a-nano-freer.o)
 .ARM.attributes
                0x0000000000000a32       0x1e c:/st/stm32cubeide_1.10.1/stm32cubeide/plugins/com.st.stm32cube.ide.mcu.externaltools.gnu-tools-for-stm32.10.3-2021.10.win32_1.0.100.202210260954/tools/bin/../lib/gcc/arm-none-eabi/10.3.1/thumb/v7e-m+fp/hard/crtn.o
OUTPUT(TaskQueueState.elf elf32-littlearm)
LOAD linker stubs
LOAD c:/st/stm32cubeide_1.10.1/stm32cubeide/plugins/com.st.stm32cube.ide.mcu.externaltools.gnu-tools-for-stm32.10.3-2021.10.win32_1.0.100.202210260954/tools/bin/../lib/gcc/arm-none-eabi/10.3.1/../../../../arm-none-eabi/lib/thumb/v7e-m+fp/hard\libc.a
LOAD c:/st/stm32cubeide_1.10.1/stm32cubeide/plugins/com.st.stm32cube.ide.mcu.externaltools.gnu-tools-for-stm32.10.3-2021.10.win32_1.0.100.202210260954/tools/bin/../lib/gcc/arm-none-eabi/10.3.1/../../../../arm-none-eabi/lib/thumb/v7e-m+fp/hard\libm.a
LOAD c:/st/stm32cubeide_1.10.1/stm32cubeide/plugins/com.st.stm32cube.ide.mcu.externaltools.gnu-tools-for-stm32.10.3-2021.10.win32_1.0.100.202210260954/tools/bin/../lib/gcc/arm-none-eabi/10.3.1/thumb/v7e-m+fp/hard\libgcc.a

.debug_info     0x0000000000000000    0x245e5
 .debug_info    0x0000000000000000      0xb22 ./Core/Src/freertos.o
 .debug_info    0x0000000000000b22      0x3a7 ./Core/Src/gpio.o
 .debug_info    0x0000000000000ec9      0x93c ./Core/Src/i2c.o
 .debug_info    0x0000000000001805      0x369 ./Core/Src/led_effects.o
 .debug_info    0x0000000000001b6e     0x136c ./Core/Src/main.o
 .debug_info    0x0000000000002eda      0x52f ./Core/Src/rtc.o
 .debug_info    0x0000000000003409      0x8de ./Core/Src/spi.o
 .debug_info    0x0000000000003ce7      0x3ab ./Core/Src/stm32f3xx_hal_msp.o
 .debug_info    0x0000000000004092      0xaff ./Core/Src/stm32f3xx_hal_timebase_tim.o
 .debug_info    0x0000000000004b91      0xaa4 ./Core/Src/stm32f3xx_it.o
 .debug_info    0x0000000000005635      0x416 ./Core/Src/system_stm32f3xx.o
 .debug_info    0x0000000000005a4b      0xaf8 ./Core/Src/task_handler.o
 .debug_info    0x0000000000006543      0xb89 ./Core/Src/usart.o
 .debug_info    0x00000000000070cc      0x8bf ./Core/Src/usb.o
 .debug_info    0x000000000000798b       0x22 ./Core/Startup/startup_stm32f303vctx.o
 .debug_info    0x00000000000079ad      0x807 ./Drivers/STM32F3xx_HAL_Driver/Src/stm32f3xx_hal.o
 .debug_info    0x00000000000081b4      0xd85 ./Drivers/STM32F3xx_HAL_Driver/Src/stm32f3xx_hal_cortex.o
 .debug_info    0x0000000000008f39      0x757 ./Drivers/STM32F3xx_HAL_Driver/Src/stm32f3xx_hal_dma.o
 .debug_info    0x0000000000009690      0x68a ./Drivers/STM32F3xx_HAL_Driver/Src/stm32f3xx_hal_gpio.o
 .debug_info    0x0000000000009d1a     0x214e ./Drivers/STM32F3xx_HAL_Driver/Src/stm32f3xx_hal_i2c.o
 .debug_info    0x000000000000be68      0x891 ./Drivers/STM32F3xx_HAL_Driver/Src/stm32f3xx_hal_i2c_ex.o
 .debug_info    0x000000000000c6f9     0x170c ./Drivers/STM32F3xx_HAL_Driver/Src/stm32f3xx_hal_pcd.o
 .debug_info    0x000000000000de05     0x1586 ./Drivers/STM32F3xx_HAL_Driver/Src/stm32f3xx_hal_rcc.o
 .debug_info    0x000000000000f38b      0x61d ./Drivers/STM32F3xx_HAL_Driver/Src/stm32f3xx_hal_rcc_ex.o
 .debug_info    0x000000000000f9a8      0xcc7 ./Drivers/STM32F3xx_HAL_Driver/Src/stm32f3xx_hal_rtc.o
 .debug_info    0x000000000001066f     0x178c ./Drivers/STM32F3xx_HAL_Driver/Src/stm32f3xx_hal_spi.o
 .debug_info    0x0000000000011dfb     0x2ca3 ./Drivers/STM32F3xx_HAL_Driver/Src/stm32f3xx_hal_tim.o
 .debug_info    0x0000000000014a9e     0x1679 ./Drivers/STM32F3xx_HAL_Driver/Src/stm32f3xx_hal_tim_ex.o
 .debug_info    0x0000000000016117     0x3ad3 ./Drivers/STM32F3xx_HAL_Driver/Src/stm32f3xx_hal_uart.o
 .debug_info    0x0000000000019bea      0xcce ./Drivers/STM32F3xx_HAL_Driver/Src/stm32f3xx_hal_uart_ex.o
 .debug_info    0x000000000001a8b8     0x163c ./Drivers/STM32F3xx_HAL_Driver/Src/stm32f3xx_ll_usb.o
 .debug_info    0x000000000001bef4     0x2404 ./Middlewares/Third_Party/FreeRTOS/Source/CMSIS_RTOS/cmsis_os.o
 .debug_info    0x000000000001e2f8      0x2cb ./Middlewares/Third_Party/FreeRTOS/Source/list.o
 .debug_info    0x000000000001e5c3     0x18a0 ./Middlewares/Third_Party/FreeRTOS/Source/queue.o
 .debug_info    0x000000000001fe63     0x2559 ./Middlewares/Third_Party/FreeRTOS/Source/tasks.o
 .debug_info    0x00000000000223bc     0x193a ./Middlewares/Third_Party/FreeRTOS/Source/timers.o
 .debug_info    0x0000000000023cf6      0x507 ./Middlewares/Third_Party/FreeRTOS/Source/portable/GCC/ARM_CM4F/port.o
 .debug_info    0x00000000000241fd      0x3e8 ./Middlewares/Third_Party/FreeRTOS/Source/portable/MemMang/heap_4.o

.debug_abbrev   0x0000000000000000     0x52f5
 .debug_abbrev  0x0000000000000000      0x20d ./Core/Src/freertos.o
 .debug_abbrev  0x000000000000020d      0x146 ./Core/Src/gpio.o
 .debug_abbrev  0x0000000000000353      0x202 ./Core/Src/i2c.o
 .debug_abbrev  0x0000000000000555      0x1c5 ./Core/Src/led_effects.o
 .debug_abbrev  0x000000000000071a      0x33a ./Core/Src/main.o
 .debug_abbrev  0x0000000000000a54      0x1b6 ./Core/Src/rtc.o
 .debug_abbrev  0x0000000000000c0a      0x1e0 ./Core/Src/spi.o
 .debug_abbrev  0x0000000000000dea      0x103 ./Core/Src/stm32f3xx_hal_msp.o
 .debug_abbrev  0x0000000000000eed      0x1e6 ./Core/Src/stm32f3xx_hal_timebase_tim.o
 .debug_abbrev  0x00000000000010d3      0x171 ./Core/Src/stm32f3xx_it.o
 .debug_abbrev  0x0000000000001244      0x116 ./Core/Src/system_stm32f3xx.o
 .debug_abbrev  0x000000000000135a      0x254 ./Core/Src/task_handler.o
 .debug_abbrev  0x00000000000015ae      0x1e9 ./Core/Src/usart.o
 .debug_abbrev  0x0000000000001797      0x1e6 ./Core/Src/usb.o
 .debug_abbrev  0x000000000000197d       0x12 ./Core/Startup/startup_stm32f303vctx.o
 .debug_abbrev  0x000000000000198f      0x20e ./Drivers/STM32F3xx_HAL_Driver/Src/stm32f3xx_hal.o
 .debug_abbrev  0x0000000000001b9d      0x316 ./Drivers/STM32F3xx_HAL_Driver/Src/stm32f3xx_hal_cortex.o
 .debug_abbrev  0x0000000000001eb3      0x1fe ./Drivers/STM32F3xx_HAL_Driver/Src/stm32f3xx_hal_dma.o
 .debug_abbrev  0x00000000000020b1      0x1bb ./Drivers/STM32F3xx_HAL_Driver/Src/stm32f3xx_hal_gpio.o
 .debug_abbrev  0x000000000000226c      0x243 ./Drivers/STM32F3xx_HAL_Driver/Src/stm32f3xx_hal_i2c.o
 .debug_abbrev  0x00000000000024af      0x1b0 ./Drivers/STM32F3xx_HAL_Driver/Src/stm32f3xx_hal_i2c_ex.o
 .debug_abbrev  0x000000000000265f      0x2c0 ./Drivers/STM32F3xx_HAL_Driver/Src/stm32f3xx_hal_pcd.o
 .debug_abbrev  0x000000000000291f      0x30c ./Drivers/STM32F3xx_HAL_Driver/Src/stm32f3xx_hal_rcc.o
 .debug_abbrev  0x0000000000002c2b      0x239 ./Drivers/STM32F3xx_HAL_Driver/Src/stm32f3xx_hal_rcc_ex.o
 .debug_abbrev  0x0000000000002e64      0x1c5 ./Drivers/STM32F3xx_HAL_Driver/Src/stm32f3xx_hal_rtc.o
 .debug_abbrev  0x0000000000003029      0x254 ./Drivers/STM32F3xx_HAL_Driver/Src/stm32f3xx_hal_spi.o
 .debug_abbrev  0x000000000000327d      0x25d ./Drivers/STM32F3xx_HAL_Driver/Src/stm32f3xx_hal_tim.o
 .debug_abbrev  0x00000000000034da      0x265 ./Drivers/STM32F3xx_HAL_Driver/Src/stm32f3xx_hal_tim_ex.o
 .debug_abbrev  0x000000000000373f      0x2bc ./Drivers/STM32F3xx_HAL_Driver/Src/stm32f3xx_hal_uart.o
 .debug_abbrev  0x00000000000039fb      0x2a4 ./Drivers/STM32F3xx_HAL_Driver/Src/stm32f3xx_hal_uart_ex.o
 .debug_abbrev  0x0000000000003c9f      0x22f ./Drivers/STM32F3xx_HAL_Driver/Src/stm32f3xx_ll_usb.o
 .debug_abbrev  0x0000000000003ece      0x406 ./Middlewares/Third_Party/FreeRTOS/Source/CMSIS_RTOS/cmsis_os.o
 .debug_abbrev  0x00000000000042d4       0xf2 ./Middlewares/Third_Party/FreeRTOS/Source/list.o
 .debug_abbrev  0x00000000000043c6      0x3ba ./Middlewares/Third_Party/FreeRTOS/Source/queue.o
 .debug_abbrev  0x0000000000004780      0x3d9 ./Middlewares/Third_Party/FreeRTOS/Source/tasks.o
 .debug_abbrev  0x0000000000004b59      0x344 ./Middlewares/Third_Party/FreeRTOS/Source/timers.o
 .debug_abbrev  0x0000000000004e9d      0x259 ./Middlewares/Third_Party/FreeRTOS/Source/portable/GCC/ARM_CM4F/port.o
 .debug_abbrev  0x00000000000050f6      0x1ff ./Middlewares/Third_Party/FreeRTOS/Source/portable/MemMang/heap_4.o

.debug_aranges  0x0000000000000000     0x1ca0
 .debug_aranges
                0x0000000000000000       0x38 ./Core/Src/freertos.o
 .debug_aranges
                0x0000000000000038       0x20 ./Core/Src/gpio.o
 .debug_aranges
                0x0000000000000058       0x30 ./Core/Src/i2c.o
 .debug_aranges
                0x0000000000000088       0x68 ./Core/Src/led_effects.o
 .debug_aranges
                0x00000000000000f0       0x48 ./Core/Src/main.o
 .debug_aranges
                0x0000000000000138       0x30 ./Core/Src/rtc.o
 .debug_aranges
                0x0000000000000168       0x30 ./Core/Src/spi.o
 .debug_aranges
                0x0000000000000198       0x20 ./Core/Src/stm32f3xx_hal_msp.o
 .debug_aranges
                0x00000000000001b8       0x30 ./Core/Src/stm32f3xx_hal_timebase_tim.o
 .debug_aranges
                0x00000000000001e8       0x58 ./Core/Src/stm32f3xx_it.o
 .debug_aranges
                0x0000000000000240       0x28 ./Core/Src/system_stm32f3xx.o
 .debug_aranges
                0x0000000000000268       0x50 ./Core/Src/task_handler.o
 .debug_aranges
                0x00000000000002b8       0x30 ./Core/Src/usart.o
 .debug_aranges
                0x00000000000002e8       0x30 ./Core/Src/usb.o
 .debug_aranges
                0x0000000000000318       0x28 ./Core/Startup/startup_stm32f303vctx.o
 .debug_aranges
                0x0000000000000340       0xe0 ./Drivers/STM32F3xx_HAL_Driver/Src/stm32f3xx_hal.o
 .debug_aranges
                0x0000000000000420      0x118 ./Drivers/STM32F3xx_HAL_Driver/Src/stm32f3xx_hal_cortex.o
 .debug_aranges
                0x0000000000000538       0x88 ./Drivers/STM32F3xx_HAL_Driver/Src/stm32f3xx_hal_dma.o
 .debug_aranges
                0x00000000000005c0       0x58 ./Drivers/STM32F3xx_HAL_Driver/Src/stm32f3xx_hal_gpio.o
 .debug_aranges
                0x0000000000000618      0x290 ./Drivers/STM32F3xx_HAL_Driver/Src/stm32f3xx_hal_i2c.o
 .debug_aranges
                0x00000000000008a8       0x48 ./Drivers/STM32F3xx_HAL_Driver/Src/stm32f3xx_hal_i2c_ex.o
 .debug_aranges
                0x00000000000008f0      0x138 ./Drivers/STM32F3xx_HAL_Driver/Src/stm32f3xx_hal_pcd.o
 .debug_aranges
                0x0000000000000a28       0x88 ./Drivers/STM32F3xx_HAL_Driver/Src/stm32f3xx_hal_rcc.o
 .debug_aranges
                0x0000000000000ab0       0x38 ./Drivers/STM32F3xx_HAL_Driver/Src/stm32f3xx_hal_rcc_ex.o
 .debug_aranges
                0x0000000000000ae8       0xe0 ./Drivers/STM32F3xx_HAL_Driver/Src/stm32f3xx_hal_rtc.o
 .debug_aranges
                0x0000000000000bc8      0x1d8 ./Drivers/STM32F3xx_HAL_Driver/Src/stm32f3xx_hal_spi.o
 .debug_aranges
                0x0000000000000da0      0x3e0 ./Drivers/STM32F3xx_HAL_Driver/Src/stm32f3xx_hal_tim.o
 .debug_aranges
                0x0000000000001180      0x178 ./Drivers/STM32F3xx_HAL_Driver/Src/stm32f3xx_hal_tim_ex.o
 .debug_aranges
                0x00000000000012f8      0x228 ./Drivers/STM32F3xx_HAL_Driver/Src/stm32f3xx_hal_uart.o
 .debug_aranges
                0x0000000000001520       0x68 ./Drivers/STM32F3xx_HAL_Driver/Src/stm32f3xx_hal_uart_ex.o
 .debug_aranges
                0x0000000000001588       0xb0 ./Drivers/STM32F3xx_HAL_Driver/Src/stm32f3xx_ll_usb.o
 .debug_aranges
                0x0000000000001638      0x1d8 ./Middlewares/Third_Party/FreeRTOS/Source/CMSIS_RTOS/cmsis_os.o
 .debug_aranges
                0x0000000000001810       0x40 ./Middlewares/Third_Party/FreeRTOS/Source/list.o
 .debug_aranges
                0x0000000000001850      0x110 ./Middlewares/Third_Party/FreeRTOS/Source/queue.o
 .debug_aranges
                0x0000000000001960      0x1b0 ./Middlewares/Third_Party/FreeRTOS/Source/tasks.o
 .debug_aranges
                0x0000000000001b10       0xc0 ./Middlewares/Third_Party/FreeRTOS/Source/timers.o
 .debug_aranges
                0x0000000000001bd0       0x80 ./Middlewares/Third_Party/FreeRTOS/Source/portable/GCC/ARM_CM4F/port.o
 .debug_aranges
                0x0000000000001c50       0x50 ./Middlewares/Third_Party/FreeRTOS/Source/portable/MemMang/heap_4.o

.debug_ranges   0x0000000000000000     0x1a78
 .debug_ranges  0x0000000000000000       0x28 ./Core/Src/freertos.o
 .debug_ranges  0x0000000000000028       0x10 ./Core/Src/gpio.o
 .debug_ranges  0x0000000000000038       0x20 ./Core/Src/i2c.o
 .debug_ranges  0x0000000000000058       0x58 ./Core/Src/led_effects.o
 .debug_ranges  0x00000000000000b0       0x38 ./Core/Src/main.o
 .debug_ranges  0x00000000000000e8       0x20 ./Core/Src/rtc.o
 .debug_ranges  0x0000000000000108       0x20 ./Core/Src/spi.o
 .debug_ranges  0x0000000000000128       0x10 ./Core/Src/stm32f3xx_hal_msp.o
 .debug_ranges  0x0000000000000138       0x20 ./Core/Src/stm32f3xx_hal_timebase_tim.o
 .debug_ranges  0x0000000000000158       0x48 ./Core/Src/stm32f3xx_it.o
 .debug_ranges  0x00000000000001a0       0x18 ./Core/Src/system_stm32f3xx.o
 .debug_ranges  0x00000000000001b8       0x40 ./Core/Src/task_handler.o
 .debug_ranges  0x00000000000001f8       0x20 ./Core/Src/usart.o
 .debug_ranges  0x0000000000000218       0x20 ./Core/Src/usb.o
 .debug_ranges  0x0000000000000238       0x20 ./Core/Startup/startup_stm32f303vctx.o
 .debug_ranges  0x0000000000000258       0xd0 ./Drivers/STM32F3xx_HAL_Driver/Src/stm32f3xx_hal.o
 .debug_ranges  0x0000000000000328      0x108 ./Drivers/STM32F3xx_HAL_Driver/Src/stm32f3xx_hal_cortex.o
 .debug_ranges  0x0000000000000430       0x78 ./Drivers/STM32F3xx_HAL_Driver/Src/stm32f3xx_hal_dma.o
 .debug_ranges  0x00000000000004a8       0x48 ./Drivers/STM32F3xx_HAL_Driver/Src/stm32f3xx_hal_gpio.o
 .debug_ranges  0x00000000000004f0      0x280 ./Drivers/STM32F3xx_HAL_Driver/Src/stm32f3xx_hal_i2c.o
 .debug_ranges  0x0000000000000770       0x38 ./Drivers/STM32F3xx_HAL_Driver/Src/stm32f3xx_hal_i2c_ex.o
 .debug_ranges  0x00000000000007a8      0x128 ./Drivers/STM32F3xx_HAL_Driver/Src/stm32f3xx_hal_pcd.o
 .debug_ranges  0x00000000000008d0       0x78 ./Drivers/STM32F3xx_HAL_Driver/Src/stm32f3xx_hal_rcc.o
 .debug_ranges  0x0000000000000948       0x28 ./Drivers/STM32F3xx_HAL_Driver/Src/stm32f3xx_hal_rcc_ex.o
 .debug_ranges  0x0000000000000970       0xd0 ./Drivers/STM32F3xx_HAL_Driver/Src/stm32f3xx_hal_rtc.o
 .debug_ranges  0x0000000000000a40      0x1c8 ./Drivers/STM32F3xx_HAL_Driver/Src/stm32f3xx_hal_spi.o
 .debug_ranges  0x0000000000000c08      0x3d0 ./Drivers/STM32F3xx_HAL_Driver/Src/stm32f3xx_hal_tim.o
 .debug_ranges  0x0000000000000fd8      0x168 ./Drivers/STM32F3xx_HAL_Driver/Src/stm32f3xx_hal_tim_ex.o
 .debug_ranges  0x0000000000001140      0x248 ./Drivers/STM32F3xx_HAL_Driver/Src/stm32f3xx_hal_uart.o
 .debug_ranges  0x0000000000001388       0x58 ./Drivers/STM32F3xx_HAL_Driver/Src/stm32f3xx_hal_uart_ex.o
 .debug_ranges  0x00000000000013e0       0xa0 ./Drivers/STM32F3xx_HAL_Driver/Src/stm32f3xx_ll_usb.o
 .debug_ranges  0x0000000000001480      0x1c8 ./Middlewares/Third_Party/FreeRTOS/Source/CMSIS_RTOS/cmsis_os.o
 .debug_ranges  0x0000000000001648       0x30 ./Middlewares/Third_Party/FreeRTOS/Source/list.o
 .debug_ranges  0x0000000000001678      0x100 ./Middlewares/Third_Party/FreeRTOS/Source/queue.o
 .debug_ranges  0x0000000000001778      0x1a0 ./Middlewares/Third_Party/FreeRTOS/Source/tasks.o